Archive member included to satisfy reference by file (symbol)

c:/program files (x86)/gnu arm embedded toolchain/10 2021.10/bin/../lib/gcc/arm-none-eabi/10.3.1/../../../../arm-none-eabi/lib/thumb/v7e-m+fp/hard\libc_nano.a(lib_a-exit.o)
                              c:/program files (x86)/gnu arm embedded toolchain/10 2021.10/bin/../lib/gcc/arm-none-eabi/10.3.1/../../../../arm-none-eabi/lib/thumb/v7e-m+fp/hard/crt0.o (exit)
c:/program files (x86)/gnu arm embedded toolchain/10 2021.10/bin/../lib/gcc/arm-none-eabi/10.3.1/../../../../arm-none-eabi/lib/thumb/v7e-m+fp/hard\libc_nano.a(lib_a-impure.o)
                              c:/program files (x86)/gnu arm embedded toolchain/10 2021.10/bin/../lib/gcc/arm-none-eabi/10.3.1/../../../../arm-none-eabi/lib/thumb/v7e-m+fp/hard\libc_nano.a(lib_a-exit.o) (_global_impure_ptr)
c:/program files (x86)/gnu arm embedded toolchain/10 2021.10/bin/../lib/gcc/arm-none-eabi/10.3.1/../../../../arm-none-eabi/lib/thumb/v7e-m+fp/hard\libc_nano.a(lib_a-init.o)
                              c:/program files (x86)/gnu arm embedded toolchain/10 2021.10/bin/../lib/gcc/arm-none-eabi/10.3.1/../../../../arm-none-eabi/lib/thumb/v7e-m+fp/hard/crt0.o (__libc_init_array)
c:/program files (x86)/gnu arm embedded toolchain/10 2021.10/bin/../lib/gcc/arm-none-eabi/10.3.1/../../../../arm-none-eabi/lib/thumb/v7e-m+fp/hard\libc_nano.a(lib_a-memset.o)
                              c:/program files (x86)/gnu arm embedded toolchain/10 2021.10/bin/../lib/gcc/arm-none-eabi/10.3.1/../../../../arm-none-eabi/lib/thumb/v7e-m+fp/hard/crt0.o (memset)
c:/program files (x86)/gnu arm embedded toolchain/10 2021.10/bin/../lib/gcc/arm-none-eabi/10.3.1/../../../../arm-none-eabi/lib/thumb/v7e-m+fp/hard\libc_nano.a(lib_a-strlen.o)
                              build/main.o (strlen)
c:/program files (x86)/gnu arm embedded toolchain/10 2021.10/bin/../lib/gcc/arm-none-eabi/10.3.1/../../../../arm-none-eabi/lib/thumb/v7e-m+fp/hard\libc_nano.a(lib_a-vsprintf.o)
                              build/OLED.o (vsprintf)
c:/program files (x86)/gnu arm embedded toolchain/10 2021.10/bin/../lib/gcc/arm-none-eabi/10.3.1/../../../../arm-none-eabi/lib/thumb/v7e-m+fp/hard\libc_nano.a(lib_a-nano-svfprintf.o)
                              c:/program files (x86)/gnu arm embedded toolchain/10 2021.10/bin/../lib/gcc/arm-none-eabi/10.3.1/../../../../arm-none-eabi/lib/thumb/v7e-m+fp/hard\libc_nano.a(lib_a-vsprintf.o) (_svfprintf_r)
c:/program files (x86)/gnu arm embedded toolchain/10 2021.10/bin/../lib/gcc/arm-none-eabi/10.3.1/../../../../arm-none-eabi/lib/thumb/v7e-m+fp/hard\libc_nano.a(lib_a-nano-vfprintf_i.o)
                              c:/program files (x86)/gnu arm embedded toolchain/10 2021.10/bin/../lib/gcc/arm-none-eabi/10.3.1/../../../../arm-none-eabi/lib/thumb/v7e-m+fp/hard\libc_nano.a(lib_a-nano-svfprintf.o) (_printf_i)
c:/program files (x86)/gnu arm embedded toolchain/10 2021.10/bin/../lib/gcc/arm-none-eabi/10.3.1/../../../../arm-none-eabi/lib/thumb/v7e-m+fp/hard\libc_nano.a(lib_a-memchr.o)
                              c:/program files (x86)/gnu arm embedded toolchain/10 2021.10/bin/../lib/gcc/arm-none-eabi/10.3.1/../../../../arm-none-eabi/lib/thumb/v7e-m+fp/hard\libc_nano.a(lib_a-nano-svfprintf.o) (memchr)
c:/program files (x86)/gnu arm embedded toolchain/10 2021.10/bin/../lib/gcc/arm-none-eabi/10.3.1/../../../../arm-none-eabi/lib/thumb/v7e-m+fp/hard\libc_nano.a(lib_a-memcpy-stub.o)
                              c:/program files (x86)/gnu arm embedded toolchain/10 2021.10/bin/../lib/gcc/arm-none-eabi/10.3.1/../../../../arm-none-eabi/lib/thumb/v7e-m+fp/hard\libc_nano.a(lib_a-nano-svfprintf.o) (memcpy)
c:/program files (x86)/gnu arm embedded toolchain/10 2021.10/bin/../lib/gcc/arm-none-eabi/10.3.1/../../../../arm-none-eabi/lib/thumb/v7e-m+fp/hard\libc_nano.a(lib_a-memmove.o)
                              c:/program files (x86)/gnu arm embedded toolchain/10 2021.10/bin/../lib/gcc/arm-none-eabi/10.3.1/../../../../arm-none-eabi/lib/thumb/v7e-m+fp/hard\libc_nano.a(lib_a-nano-svfprintf.o) (memmove)
c:/program files (x86)/gnu arm embedded toolchain/10 2021.10/bin/../lib/gcc/arm-none-eabi/10.3.1/../../../../arm-none-eabi/lib/thumb/v7e-m+fp/hard\libc_nano.a(lib_a-nano-freer.o)
                              c:/program files (x86)/gnu arm embedded toolchain/10 2021.10/bin/../lib/gcc/arm-none-eabi/10.3.1/../../../../arm-none-eabi/lib/thumb/v7e-m+fp/hard\libc_nano.a(lib_a-nano-svfprintf.o) (_free_r)
c:/program files (x86)/gnu arm embedded toolchain/10 2021.10/bin/../lib/gcc/arm-none-eabi/10.3.1/../../../../arm-none-eabi/lib/thumb/v7e-m+fp/hard\libc_nano.a(lib_a-nano-mallocr.o)
                              c:/program files (x86)/gnu arm embedded toolchain/10 2021.10/bin/../lib/gcc/arm-none-eabi/10.3.1/../../../../arm-none-eabi/lib/thumb/v7e-m+fp/hard\libc_nano.a(lib_a-nano-svfprintf.o) (_malloc_r)
[...]
Memory Configuration

Name             Origin             Length             Attributes
RAM              0x20000000         0x00020000         xrw
CCMRAM           0x10000000         0x00010000         xrw
FLASH            0x08000000         0x00100000         xr
*default*        0x00000000         0xffffffff

Linker script and memory map

LOAD c:/program files (x86)/gnu arm embedded toolchain/10 2021.10/bin/../lib/gcc/arm-none-eabi/10.3.1/thumb/v7e-m+fp/hard/crti.o
LOAD c:/program files (x86)/gnu arm embedded toolchain/10 2021.10/bin/../lib/gcc/arm-none-eabi/10.3.1/thumb/v7e-m+fp/hard/crtbegin.o
LOAD c:/program files (x86)/gnu arm embedded toolchain/10 2021.10/bin/../lib/gcc/arm-none-eabi/10.3.1/../../../../arm-none-eabi/lib/thumb/v7e-m+fp/hard/crt0.o
LOAD build/main.o
LOAD build/gpio.o
LOAD build/can.o
LOAD build/stm32f4xx_it.o
LOAD build/stm32f4xx_hal_msp.o
LOAD build/stm32f4xx_hal_can.o
LOAD build/stm32f4xx_hal_rcc.o
LOAD build/stm32f4xx_hal_rcc_ex.o
LOAD build/stm32f4xx_hal_flash.o
LOAD build/stm32f4xx_hal_flash_ex.o
LOAD build/stm32f4xx_hal_flash_ramfunc.o
LOAD build/stm32f4xx_hal_gpio.o
LOAD build/stm32f4xx_hal_dma_ex.o
LOAD build/stm32f4xx_hal_dma.o
LOAD build/stm32f4xx_hal_pwr.o
LOAD build/stm32f4xx_hal_pwr_ex.o
LOAD build/stm32f4xx_hal_cortex.o
LOAD build/stm32f4xx_hal.o
LOAD build/stm32f4xx_hal_exti.o
LOAD build/stm32f4xx_hal_tim.o
LOAD build/stm32f4xx_hal_tim_ex.o
LOAD build/system_stm32f4xx.o
LOAD build/MI_motor_drive.o
LOAD build/can_test.o
LOAD build/remote_control.o
LOAD build/bsp_usart.o
LOAD build/bsp_rc.o
LOAD build/OLED.o
LOAD build/motor_A1.o
LOAD build/CRC.o
LOAD build/usart.o
LOAD build/stm32f4xx_hal_uart.o
LOAD build/dma.o
LOAD build/i2c.o
LOAD build/stm32f4xx_hal_i2c.o
LOAD build/stm32f4xx_hal_i2c_ex.o
LOAD build/startup_stm32f407xx.o
LOAD c:/program files (x86)/gnu arm embedded toolchain/10 2021.10/bin/../lib/gcc/arm-none-eabi/10.3.1/../../../../arm-none-eabi/lib/thumb/v7e-m+fp/hard\libc_nano.a
LOAD c:/program files (x86)/gnu arm embedded toolchain/10 2021.10/bin/../lib/gcc/arm-none-eabi/10.3.1/../../../../arm-none-eabi/lib/thumb/v7e-m+fp/hard\libm.a
LOAD c:/program files (x86)/gnu arm embedded toolchain/10 2021.10/bin/../lib/gcc/arm-none-eabi/10.3.1/../../../../arm-none-eabi/lib/thumb/v7e-m+fp/hard\libnosys.a
START GROUP
LOAD c:/program files (x86)/gnu arm embedded toolchain/10 2021.10/bin/../lib/gcc/arm-none-eabi/10.3.1/thumb/v7e-m+fp/hard\libgcc.a
LOAD c:/program files (x86)/gnu arm embedded toolchain/10 2021.10/bin/../lib/gcc/arm-none-eabi/10.3.1/../../../../arm-none-eabi/lib/thumb/v7e-m+fp/hard\libc_nano.a
END GROUP
START GROUP
LOAD c:/program files (x86)/gnu arm embedded toolchain/10 2021.10/bin/../lib/gcc/arm-none-eabi/10.3.1/thumb/v7e-m+fp/hard\libgcc.a
LOAD c:/program files (x86)/gnu arm embedded toolchain/10 2021.10/bin/../lib/gcc/arm-none-eabi/10.3.1/../../../../arm-none-eabi/lib/thumb/v7e-m+fp/hard\libc_nano.a
END GROUP
LOAD c:/program files (x86)/gnu arm embedded toolchain/10 2021.10/bin/../lib/gcc/arm-none-eabi/10.3.1/thumb/v7e-m+fp/hard/crtend.o
LOAD c:/program files (x86)/gnu arm embedded toolchain/10 2021.10/bin/../lib/gcc/arm-none-eabi/10.3.1/thumb/v7e-m+fp/hard/crtn.o
                0x20020000                _estack = (ORIGIN (RAM) + LENGTH (RAM))
                0x00000200                _Min_Heap_Size = 0x200
                0x00000400                _Min_Stack_Size = 0x400

.isr_vector     0x08000000      0x188
                0x08000000                . = ALIGN (0x4)
 *(.isr_vector)
 .isr_vector    0x08000000      0x188 build/startup_stm32f407xx.o
                0x08000000                g_pfnVectors
                0x08000188                . = ALIGN (0x4)

.text           0x08000190     0x4584
                0x08000190                . = ALIGN (0x4)
 *(.text)
 .text          0x08000190       0x40 c:/program files (x86)/gnu arm embedded toolchain/10 2021.10/bin/../lib/gcc/arm-none-eabi/10.3.1/thumb/v7e-m+fp/hard/crtbegin.o
 .text          0x080001d0       0x10 c:/program files (x86)/gnu arm embedded toolchain/10 2021.10/bin/../lib/gcc/arm-none-eabi/10.3.1/../../../../arm-none-eabi/lib/thumb/v7e-m+fp/hard\libc_nano.a(lib_a-strlen.o)
                0x080001d0                strlen
 .text          0x080001e0       0xa0 c:/program files (x86)/gnu arm embedded toolchain/10 2021.10/bin/../lib/gcc/arm-none-eabi/10.3.1/../../../../arm-none-eabi/lib/thumb/v7e-m+fp/hard\libc_nano.a(lib_a-memchr.o)
                0x080001e0                memchr
 .text          0x08000280      0x378 c:/program files (x86)/gnu arm embedded toolchain/10 2021.10/bin/../lib/gcc/arm-none-eabi/10.3.1/thumb/v7e-m+fp/hard\libgcc.a(_arm_addsubdf3.o)
                0x08000280                __aeabi_drsub
                0x08000288                __aeabi_dsub
                0x08000288                __subdf3
                0x0800028c                __aeabi_dadd
                0x0800028c                __adddf3
                0x08000504                __floatunsidf
                0x08000504                __aeabi_ui2d
                0x08000524                __floatsidf
                0x08000524                __aeabi_i2d
                0x08000548                __aeabi_f2d
                0x08000548                __extendsfdf2
                0x0800058c                __floatundidf
                0x0800058c                __aeabi_ul2d
                0x0800059c                __floatdidf
                0x0800059c                __aeabi_l2d
 .text          0x080005f8      0x424 c:/program files (x86)/gnu arm embedded toolchain/10 2021.10/bin/../lib/gcc/arm-none-eabi/10.3.1/thumb/v7e-m+fp/hard\libgcc.a(_arm_muldivdf3.o)
                0x080005f8                __aeabi_dmul
                0x080005f8                __muldf3
                0x0800084c                __divdf3
                0x0800084c                __aeabi_ddiv
 .text          0x08000a1c       0xa0 c:/program files (x86)/gnu arm embedded toolchain/10 2021.10/bin/../lib/gcc/arm-none-eabi/10.3.1/thumb/v7e-m+fp/hard\libgcc.a(_arm_truncdfsf2.o)
                0x08000a1c                __truncdfsf2
                0x08000a1c                __aeabi_d2f
 .text          0x08000abc       0x30 c:/program files (x86)/gnu arm embedded toolchain/10 2021.10/bin/../lib/gcc/arm-none-eabi/10.3.1/thumb/v7e-m+fp/hard\libgcc.a(_aeabi_uldivmod.o)
                0x08000abc                __aeabi_uldivmod
 .text          0x08000aec      0x2d0 c:/program files (x86)/gnu arm embedded toolchain/10 2021.10/bin/../lib/gcc/arm-none-eabi/10.3.1/thumb/v7e-m+fp/hard\libgcc.a(_udivmoddi4.o)
                0x08000aec                __udivmoddi4
 .text          0x08000dbc        0x4 c:/program files (x86)/gnu arm embedded toolchain/10 2021.10/bin/../lib/gcc/arm-none-eabi/10.3.1/thumb/v7e-m+fp/hard\libgcc.a(_dvmd_tls.o)
                0x08000dbc                __aeabi_idiv0
                0x08000dbc                __aeabi_ldiv0
 *(.text*)
 .text.Error_Handler
                0x08000dc0        0x4 build/main.o
                0x08000dc0                Error_Handler
 .text.SystemClock_Config
                0x08000dc4       0xa8 build/main.o
                0x08000dc4                SystemClock_Config
 .text.main     0x08000e6c      0x1bc build/main.o
                0x08000e6c                main
 .text.MX_GPIO_Init
                0x08001028       0xbc build/gpio.o
                0x08001028                MX_GPIO_Init
 .text.MX_CAN1_Init
                0x080010e4       0x40 build/can.o
                0x080010e4                MX_CAN1_Init
 .text.HAL_CAN_MspInit
                0x08001124       0x8c build/can.o
                0x08001124                HAL_CAN_MspInit
 .text.NMI_Handler
                0x080011b0        0x2 build/stm32f4xx_it.o
                0x080011b0                NMI_Handler
 .text.HardFault_Handler
                0x080011b2        0x2 build/stm32f4xx_it.o
                0x080011b2                HardFault_Handler
 .text.MemManage_Handler
                0x080011b4        0x2 build/stm32f4xx_it.o
                0x080011b4                MemManage_Handler
 .text.BusFault_Handler
                0x080011b6        0x2 build/stm32f4xx_it.o
                0x080011b6                BusFault_Handler
 .text.UsageFault_Handler
                0x080011b8        0x2 build/stm32f4xx_it.o
                0x080011b8                UsageFault_Handler
 .text.SVC_Handler
                0x080011ba        0x2 build/stm32f4xx_it.o
                0x080011ba                SVC_Handler
 .text.DebugMon_Handler
                0x080011bc        0x2 build/stm32f4xx_it.o
                0x080011bc                DebugMon_Handler
 .text.PendSV_Handler
                0x080011be        0x2 build/stm32f4xx_it.o
                0x080011be                PendSV_Handler
 .text.SysTick_Handler
                0x080011c0        0x8 build/stm32f4xx_it.o
                0x080011c0                SysTick_Handler
 .text.DMA1_Stream1_IRQHandler
                0x080011c8       0x10 build/stm32f4xx_it.o
                0x080011c8                DMA1_Stream1_IRQHandler
 .text.CAN1_RX0_IRQHandler
                0x080011d8       0x10 build/stm32f4xx_it.o
                0x080011d8                CAN1_RX0_IRQHandler
 .text.CAN1_RX1_IRQHandler
                0x080011e8       0x10 build/stm32f4xx_it.o
                0x080011e8                CAN1_RX1_IRQHandler
 .text.USART1_IRQHandler
                0x080011f8       0x10 build/stm32f4xx_it.o
                0x080011f8                USART1_IRQHandler
 .text.HAL_MspInit
                0x08001208       0x38 build/stm32f4xx_hal_msp.o
                0x08001208                HAL_MspInit
 .text.HAL_CAN_Init
                0x08001240      0x14c build/stm32f4xx_hal_can.o
                0x08001240                HAL_CAN_Init
 .text.HAL_CAN_Start
                0x0800138c       0x5c build/stm32f4xx_hal_can.o
                0x0800138c                HAL_CAN_Start
 .text.HAL_CAN_AddTxMessage
                0x080013e8       0xfc build/stm32f4xx_hal_can.o
                0x080013e8                HAL_CAN_AddTxMessage
 .text.HAL_CAN_GetRxMessage
                0x080014e4      0x14a build/stm32f4xx_hal_can.o
                0x080014e4                HAL_CAN_GetRxMessage
 .text.HAL_CAN_TxMailbox0CompleteCallback
                0x0800162e        0x2 build/stm32f4xx_hal_can.o
                0x0800162e                HAL_CAN_TxMailbox0CompleteCallback
 .text.HAL_CAN_TxMailbox1CompleteCallback
                0x08001630        0x2 build/stm32f4xx_hal_can.o
                0x08001630                HAL_CAN_TxMailbox1CompleteCallback
 .text.HAL_CAN_TxMailbox2CompleteCallback
                0x08001632        0x2 build/stm32f4xx_hal_can.o
                0x08001632                HAL_CAN_TxMailbox2CompleteCallback
 .text.HAL_CAN_TxMailbox0AbortCallback
                0x08001634        0x2 build/stm32f4xx_hal_can.o
                0x08001634                HAL_CAN_TxMailbox0AbortCallback
 .text.HAL_CAN_TxMailbox1AbortCallback
                0x08001636        0x2 build/stm32f4xx_hal_can.o
                0x08001636                HAL_CAN_TxMailbox1AbortCallback
 .text.HAL_CAN_TxMailbox2AbortCallback
                0x08001638        0x2 build/stm32f4xx_hal_can.o
                0x08001638                HAL_CAN_TxMailbox2AbortCallback
 .text.HAL_CAN_RxFifo0MsgPendingCallback
                0x0800163a        0x2 build/stm32f4xx_hal_can.o
                0x0800163a                HAL_CAN_RxFifo0MsgPendingCallback
 .text.HAL_CAN_RxFifo0FullCallback
                0x0800163c        0x2 build/stm32f4xx_hal_can.o
                0x0800163c                HAL_CAN_RxFifo0FullCallback
 .text.HAL_CAN_RxFifo1FullCallback
                0x0800163e        0x2 build/stm32f4xx_hal_can.o
                0x0800163e                HAL_CAN_RxFifo1FullCallback
 .text.HAL_CAN_SleepCallback
                0x08001640        0x2 build/stm32f4xx_hal_can.o
                0x08001640                HAL_CAN_SleepCallback
 .text.HAL_CAN_WakeUpFromRxMsgCallback
                0x08001642        0x2 build/stm32f4xx_hal_can.o
                0x08001642                HAL_CAN_WakeUpFromRxMsgCallback
 .text.HAL_CAN_ErrorCallback
                0x08001644        0x2 build/stm32f4xx_hal_can.o
                0x08001644                HAL_CAN_ErrorCallback
 .text.HAL_CAN_IRQHandler
                0x08001646      0x24a build/stm32f4xx_hal_can.o
                0x08001646                HAL_CAN_IRQHandler
 .text.HAL_RCC_OscConfig
                0x08001890      0x3f8 build/stm32f4xx_hal_rcc.o
                0x08001890                HAL_RCC_OscConfig
 .text.HAL_RCC_GetSysClockFreq
                0x08001c88       0xa4 build/stm32f4xx_hal_rcc.o
                0x08001c88                HAL_RCC_GetSysClockFreq
 .text.HAL_RCC_ClockConfig
                0x08001d2c      0x160 build/stm32f4xx_hal_rcc.o
                0x08001d2c                HAL_RCC_ClockConfig
 .text.HAL_RCC_GetHCLKFreq
                0x08001e8c        0xc build/stm32f4xx_hal_rcc.o
                0x08001e8c                HAL_RCC_GetHCLKFreq
 .text.HAL_RCC_GetPCLK1Freq
                0x08001e98       0x20 build/stm32f4xx_hal_rcc.o
                0x08001e98                HAL_RCC_GetPCLK1Freq
 .text.HAL_RCC_GetPCLK2Freq
                0x08001eb8       0x20 build/stm32f4xx_hal_rcc.o
                0x08001eb8                HAL_RCC_GetPCLK2Freq
 .text.HAL_GPIO_Init
                0x08001ed8      0x1e4 build/stm32f4xx_hal_gpio.o
                0x08001ed8                HAL_GPIO_Init
 .text.HAL_GPIO_WritePin
                0x080020bc        0xc build/stm32f4xx_hal_gpio.o
                0x080020bc                HAL_GPIO_WritePin
 .text.DMA_CalcBaseAndBitshift
                0x080020c8       0x44 build/stm32f4xx_hal_dma.o
 .text.DMA_CheckFifoParam
                0x0800210c       0x8e build/stm32f4xx_hal_dma.o
 *fill*         0x0800219a        0x2 
 .text.HAL_DMA_Init
                0x0800219c       0xcc build/stm32f4xx_hal_dma.o
                0x0800219c                HAL_DMA_Init
 .text.HAL_DMA_Abort
                0x08002268       0x94 build/stm32f4xx_hal_dma.o
                0x08002268                HAL_DMA_Abort
 .text.HAL_DMA_Abort_IT
                0x080022fc       0x26 build/stm32f4xx_hal_dma.o
                0x080022fc                HAL_DMA_Abort_IT
 *fill*         0x08002322        0x2 
 .text.HAL_DMA_IRQHandler
                0x08002324      0x1dc build/stm32f4xx_hal_dma.o
                0x08002324                HAL_DMA_IRQHandler
 .text.HAL_NVIC_SetPriorityGrouping
                0x08002500       0x24 build/stm32f4xx_hal_cortex.o
                0x08002500                HAL_NVIC_SetPriorityGrouping
 .text.HAL_NVIC_SetPriority
                0x08002524       0x70 build/stm32f4xx_hal_cortex.o
                0x08002524                HAL_NVIC_SetPriority
 .text.HAL_NVIC_EnableIRQ
                0x08002594       0x1c build/stm32f4xx_hal_cortex.o
                0x08002594                HAL_NVIC_EnableIRQ
 .text.HAL_SYSTICK_Config
                0x080025b0       0x28 build/stm32f4xx_hal_cortex.o
                0x080025b0                HAL_SYSTICK_Config
 .text.HAL_InitTick
                0x080025d8       0x4c build/stm32f4xx_hal.o
                0x080025d8                HAL_InitTick
 .text.HAL_Init
                0x08002624       0x34 build/stm32f4xx_hal.o
                0x08002624                HAL_Init
 .text.HAL_IncTick
                0x08002658       0x18 build/stm32f4xx_hal.o
                0x08002658                HAL_IncTick
 .text.HAL_GetTick
                0x08002670        0xc build/stm32f4xx_hal.o
                0x08002670                HAL_GetTick
 .text.SystemInit
                0x0800267c       0x14 build/system_stm32f4xx.o
                0x0800267c                SystemInit
 .text.FloatToUint
                0x08002690       0x48 build/MI_motor_drive.o
                0x08002690                FloatToUint
 .text.MI_motor_Init
                0x080026d8        0x6 build/MI_motor_drive.o
                0x080026d8                MI_motor_Init
 *fill*         0x080026de        0x2 
 .text.MI_motor_CanTx
                0x080026e0       0x30 build/MI_motor_drive.o
                0x080026e0                MI_motor_CanTx
 .text.MI_motor_Control
                0x08002710       0xb8 build/MI_motor_drive.o
                0x08002710                MI_motor_Control
 .text.MI_motor_Enable
                0x080027c8       0x3c build/MI_motor_drive.o
                0x080027c8                MI_motor_Enable
 .text.MI_motor_SpeedControl
                0x08002804       0x20 build/MI_motor_drive.o
                0x08002804                MI_motor_SpeedControl
 .text.CAN_Init
                0x08002824       0x1e build/can_test.o
                0x08002824                CAN_Init
 *fill*         0x08002842        0x2 
 .text.LED_Control
                0x08002844       0x38 build/can_test.o
                0x08002844                LED_Control
 .text.HAL_CAN_RxFifo1MsgPendingCallback
                0x0800287c       0x1e build/can_test.o
                0x0800287c                HAL_CAN_RxFifo1MsgPendingCallback
 .text.sbus_to_rc
                0x0800289a       0xe0 build/remote_control.o
 *fill*         0x0800297a        0x2 
 .text.remote_control_init
                0x0800297c       0x14 build/remote_control.o
                0x0800297c                remote_control_init
 .text.get_remote_control_point
                0x08002990        0x8 build/remote_control.o
                0x08002990                get_remote_control_point
 .text.USART3_IRQHandler
                0x08002998       0xe4 build/remote_control.o
                0x08002998                USART3_IRQHandler
 .text.RC_init  0x08002a7c       0x68 build/bsp_rc.o
                0x08002a7c                RC_init
 .text.oled_write_byte
                0x08002ae4       0x34 build/OLED.o
                0x08002ae4                oled_write_byte
 .text.OLED_init
                0x08002b18       0xe4 build/OLED.o
                0x08002b18                OLED_init
 .text.OLED_operate_gram
                0x08002bfc       0x5c build/OLED.o
                0x08002bfc                OLED_operate_gram
 .text.OLED_set_pos
                0x08002c58       0x28 build/OLED.o
                0x08002c58                OLED_set_pos
 .text.OLED_draw_point
                0x08002c80       0x84 build/OLED.o
                0x08002c80                OLED_draw_point
 .text.OLED_show_char
                0x08002d04       0x88 build/OLED.o
                0x08002d04                OLED_show_char
 .text.OLED_show_string
                0x08002d8c       0x2e build/OLED.o
                0x08002d8c                OLED_show_string
 *fill*         0x08002dba        0x2 
 .text.OLED_printf
                0x08002dbc       0x48 build/OLED.o
                0x08002dbc                OLED_printf
 .text.OLED_refresh_gram
                0x08002e04       0x38 build/OLED.o
                0x08002e04                OLED_refresh_gram
 .text.OLED_clear
                0x08002e3c        0xe build/OLED.o
                0x08002e3c                OLED_clear
 .text.OLED_Pow
                0x08002e4a       0x14 build/OLED.o
                0x08002e4a                OLED_Pow
 *fill*         0x08002e5e        0x2 
 .text.OLED_show_signednum
                0x08002e60       0x64 build/OLED.o
                0x08002e60                OLED_show_signednum
 .text.MX_USART1_UART_Init
                0x08002ec4       0x34 build/usart.o
                0x08002ec4                MX_USART1_UART_Init
 .text.MX_USART3_UART_Init
                0x08002ef8       0x3c build/usart.o
                0x08002ef8                MX_USART3_UART_Init
 .text.HAL_UART_MspInit
                0x08002f34      0x154 build/usart.o
                0x08002f34                HAL_UART_MspInit
 .text.UART_EndRxTransfer
                0x08003088       0x5c build/stm32f4xx_hal_uart.o
 .text.UART_Transmit_IT
                0x080030e4       0x60 build/stm32f4xx_hal_uart.o
 .text.UART_SetConfig
                0x08003144      0x110 build/stm32f4xx_hal_uart.o
 .text.HAL_UART_Init
                0x08003254       0x5e build/stm32f4xx_hal_uart.o
                0x08003254                HAL_UART_Init
 .text.HAL_UART_Transmit_IT
                0x080032b2       0x4e build/stm32f4xx_hal_uart.o
                0x080032b2                HAL_UART_Transmit_IT
 .text.HAL_UART_TxCpltCallback
                0x08003300        0x2 build/stm32f4xx_hal_uart.o
                0x08003300                HAL_UART_TxCpltCallback
 .text.UART_EndTransmit_IT
                0x08003302       0x1a build/stm32f4xx_hal_uart.o
 .text.HAL_UART_RxCpltCallback
                0x0800331c        0x2 build/stm32f4xx_hal_uart.o
                0x0800331c                HAL_UART_RxCpltCallback
 .text.HAL_UART_ErrorCallback
                0x0800331e        0x2 build/stm32f4xx_hal_uart.o
                0x0800331e                HAL_UART_ErrorCallback
 .text.UART_DMAAbortOnError
                0x08003320       0x10 build/stm32f4xx_hal_uart.o
 .text.HAL_UARTEx_RxEventCallback
                0x08003330        0x2 build/stm32f4xx_hal_uart.o
                0x08003330                HAL_UARTEx_RxEventCallback
 .text.UART_Receive_IT
                0x08003332       0xe2 build/stm32f4xx_hal_uart.o
 .text.HAL_UART_IRQHandler
                0x08003414      0x280 build/stm32f4xx_hal_uart.o
                0x08003414                HAL_UART_IRQHandler
 .text.MX_DMA_Init
                0x08003694       0x34 build/dma.o
                0x08003694                MX_DMA_Init
 .text.MX_I2C2_Init
                0x080036c8       0x3c build/i2c.o
                0x080036c8                MX_I2C2_Init
 .text.HAL_I2C_MspInit
                0x08003704       0x6c build/i2c.o
                0x08003704                HAL_I2C_MspInit
 .text.I2C_IsAcknowledgeFailed
                0x08003770       0x32 build/stm32f4xx_hal_i2c.o
 .text.I2C_WaitOnFlagUntilTimeout
                0x080037a2       0x7c build/stm32f4xx_hal_i2c.o
 .text.I2C_WaitOnMasterAddressFlagUntilTimeout
                0x0800381e       0xaa build/stm32f4xx_hal_i2c.o
 .text.I2C_MasterRequestWrite
                0x080038c8       0xb4 build/stm32f4xx_hal_i2c.o
 .text.I2C_WaitOnTXEFlagUntilTimeout
                0x0800397c       0x54 build/stm32f4xx_hal_i2c.o
 .text.I2C_WaitOnBTFFlagUntilTimeout
                0x080039d0       0x54 build/stm32f4xx_hal_i2c.o
 .text.HAL_I2C_Init
                0x08003a24      0x1bc build/stm32f4xx_hal_i2c.o
                0x08003a24                HAL_I2C_Init
 .text.HAL_I2C_Master_Transmit
                0x08003be0      0x178 build/stm32f4xx_hal_i2c.o
                0x08003be0                HAL_I2C_Master_Transmit
 .text.Reset_Handler
                0x08003d58       0x50 build/startup_stm32f407xx.o
                0x08003d58                Reset_Handler
 .text.Default_Handler
                0x08003da8        0x2 build/startup_stm32f407xx.o
                0x08003da8                RTC_Alarm_IRQHandler
                0x08003da8                HASH_RNG_IRQHandler
                0x08003da8                EXTI2_IRQHandler
                0x08003da8                TIM8_CC_IRQHandler
                0x08003da8                TIM1_CC_IRQHandler
                0x08003da8                DMA2_Stream5_IRQHandler
                0x08003da8                DMA1_Stream5_IRQHandler
                0x08003da8                PVD_IRQHandler
                0x08003da8                SDIO_IRQHandler
                0x08003da8                TAMP_STAMP_IRQHandler
                0x08003da8                CAN2_RX1_IRQHandler
                0x08003da8                EXTI3_IRQHandler
                0x08003da8                TIM8_TRG_COM_TIM14_IRQHandler
                0x08003da8                TIM1_UP_TIM10_IRQHandler
                0x08003da8                TIM8_UP_TIM13_IRQHandler
                0x08003da8                I2C3_ER_IRQHandler
                0x08003da8                EXTI0_IRQHandler
                0x08003da8                I2C2_EV_IRQHandler
                0x08003da8                DMA1_Stream2_IRQHandler
                0x08003da8                FPU_IRQHandler
                0x08003da8                OTG_HS_WKUP_IRQHandler
                0x08003da8                CAN2_SCE_IRQHandler
                0x08003da8                DMA2_Stream2_IRQHandler
                0x08003da8                SPI1_IRQHandler
                0x08003da8                TIM6_DAC_IRQHandler
                0x08003da8                TIM1_BRK_TIM9_IRQHandler
                0x08003da8                DCMI_IRQHandler
                0x08003da8                CAN2_RX0_IRQHandler
                0x08003da8                DMA2_Stream3_IRQHandler
                0x08003da8                USART6_IRQHandler
                0x08003da8                UART5_IRQHandler
                0x08003da8                DMA2_Stream0_IRQHandler
                0x08003da8                TIM4_IRQHandler
                0x08003da8                I2C1_EV_IRQHandler
                0x08003da8                DMA1_Stream6_IRQHandler
                0x08003da8                UART4_IRQHandler
                0x08003da8                TIM3_IRQHandler
                0x08003da8                RCC_IRQHandler
                0x08003da8                TIM8_BRK_TIM12_IRQHandler
                0x08003da8                Default_Handler
                0x08003da8                EXTI15_10_IRQHandler
                0x08003da8                ADC_IRQHandler
                0x08003da8                DMA1_Stream7_IRQHandler
                0x08003da8                TIM7_IRQHandler
                0x08003da8                CAN2_TX_IRQHandler
                0x08003da8                TIM5_IRQHandler
                0x08003da8                DMA2_Stream7_IRQHandler
                0x08003da8                I2C3_EV_IRQHandler
                0x08003da8                EXTI9_5_IRQHandler
                0x08003da8                RTC_WKUP_IRQHandler
                0x08003da8                ETH_WKUP_IRQHandler
                0x08003da8                SPI2_IRQHandler
                0x08003da8                OTG_HS_EP1_IN_IRQHandler
                0x08003da8                DMA1_Stream0_IRQHandler
                0x08003da8                CAN1_TX_IRQHandler
                0x08003da8                EXTI4_IRQHandler
                0x08003da8                FSMC_IRQHandler
                0x08003da8                ETH_IRQHandler
                0x08003da8                OTG_HS_EP1_OUT_IRQHandler
                0x08003da8                WWDG_IRQHandler
                0x08003da8                TIM2_IRQHandler
                0x08003da8                OTG_FS_WKUP_IRQHandler
                0x08003da8                TIM1_TRG_COM_TIM11_IRQHandler
                0x08003da8                OTG_HS_IRQHandler
                0x08003da8                EXTI1_IRQHandler
                0x08003da8                USART2_IRQHandler
                0x08003da8                I2C2_ER_IRQHandler
                0x08003da8                DMA2_Stream1_IRQHandler
                0x08003da8                CAN1_SCE_IRQHandler
                0x08003da8                FLASH_IRQHandler
                0x08003da8                DMA2_Stream4_IRQHandler
                0x08003da8                OTG_FS_IRQHandler
                0x08003da8                SPI3_IRQHandler
                0x08003da8                DMA1_Stream4_IRQHandler
                0x08003da8                I2C1_ER_IRQHandler
                0x08003da8                DMA2_Stream6_IRQHandler
                0x08003da8                DMA1_Stream3_IRQHandler
 *fill*         0x08003daa        0x2 
 .text.__libc_init_array
                0x08003dac       0x48 c:/program files (x86)/gnu arm embedded toolchain/10 2021.10/bin/../lib/gcc/arm-none-eabi/10.3.1/../../../../arm-none-eabi/lib/thumb/v7e-m+fp/hard\libc_nano.a(lib_a-init.o)
                0x08003dac                __libc_init_array
 .text.memset   0x08003df4       0x10 c:/program files (x86)/gnu arm embedded toolchain/10 2021.10/bin/../lib/gcc/arm-none-eabi/10.3.1/../../../../arm-none-eabi/lib/thumb/v7e-m+fp/hard\libc_nano.a(lib_a-memset.o)
                0x08003df4                memset
 .text._vsprintf_r
                0x08003e04       0x2c c:/program files (x86)/gnu arm embedded toolchain/10 2021.10/bin/../lib/gcc/arm-none-eabi/10.3.1/../../../../arm-none-eabi/lib/thumb/v7e-m+fp/hard\libc_nano.a(lib_a-vsprintf.o)
                0x08003e04                _vsprintf_r
                0x08003e04                _vsiprintf_r
 .text.vsprintf
                0x08003e30       0x14 c:/program files (x86)/gnu arm embedded toolchain/10 2021.10/bin/../lib/gcc/arm-none-eabi/10.3.1/../../../../arm-none-eabi/lib/thumb/v7e-m+fp/hard\libc_nano.a(lib_a-vsprintf.o)
                0x08003e30                vsiprintf
                0x08003e30                vsprintf
 .text.__ssputs_r
                0x08003e44       0xb6 c:/program files (x86)/gnu arm embedded toolchain/10 2021.10/bin/../lib/gcc/arm-none-eabi/10.3.1/../../../../arm-none-eabi/lib/thumb/v7e-m+fp/hard\libc_nano.a(lib_a-nano-svfprintf.o)
                0x08003e44                __ssputs_r
 *fill*         0x08003efa        0x2 
 .text._svfprintf_r
                0x08003efc      0x200 c:/program files (x86)/gnu arm embedded toolchain/10 2021.10/bin/../lib/gcc/arm-none-eabi/10.3.1/../../../../arm-none-eabi/lib/thumb/v7e-m+fp/hard\libc_nano.a(lib_a-nano-svfprintf.o)
                0x08003efc                _svfiprintf_r
                0x08003efc                _svfprintf_r
 .text._printf_common
                0x080040fc       0xda c:/program files (x86)/gnu arm embedded toolchain/10 2021.10/bin/../lib/gcc/arm-none-eabi/10.3.1/../../../../arm-none-eabi/lib/thumb/v7e-m+fp/hard\libc_nano.a(lib_a-nano-vfprintf_i.o)
                0x080040fc                _printf_common
 *fill*         0x080041d6        0x2 
 .text._printf_i
                0x080041d8      0x24c c:/program files (x86)/gnu arm embedded toolchain/10 2021.10/bin/../lib/gcc/arm-none-eabi/10.3.1/../../../../arm-none-eabi/lib/thumb/v7e-m+fp/hard\libc_nano.a(lib_a-nano-vfprintf_i.o)
                0x080041d8                _printf_i
 .text.memcpy   0x08004424       0x1c c:/program files (x86)/gnu arm embedded toolchain/10 2021.10/bin/../lib/gcc/arm-none-eabi/10.3.1/../../../../arm-none-eabi/lib/thumb/v7e-m+fp/hard\libc_nano.a(lib_a-memcpy-stub.o)
                0x08004424                memcpy
 .text.memmove  0x08004440       0x34 c:/program files (x86)/gnu arm embedded toolchain/10 2021.10/bin/../lib/gcc/arm-none-eabi/10.3.1/../../../../arm-none-eabi/lib/thumb/v7e-m+fp/hard\libc_nano.a(lib_a-memmove.o)
                0x08004440                memmove
 .text._free_r  0x08004474       0x98 c:/program files (x86)/gnu arm embedded toolchain/10 2021.10/bin/../lib/gcc/arm-none-eabi/10.3.1/../../../../arm-none-eabi/lib/thumb/v7e-m+fp/hard\libc_nano.a(lib_a-nano-freer.o)
                0x08004474                _free_r
 .text.sbrk_aligned
                0x0800450c       0x40 c:/program files (x86)/gnu arm embedded toolchain/10 2021.10/bin/../lib/gcc/arm-none-eabi/10.3.1/../../../../arm-none-eabi/lib/thumb/v7e-m+fp/hard\libc_nano.a(lib_a-nano-mallocr.o)
 .text._malloc_r
                0x0800454c       0xe8 c:/program files (x86)/gnu arm embedded toolchain/10 2021.10/bin/../lib/gcc/arm-none-eabi/10.3.1/../../../../arm-none-eabi/lib/thumb/v7e-m+fp/hard\libc_nano.a(lib_a-nano-mallocr.o)
                0x0800454c                _malloc_r
 .text._realloc_r
                0x08004634       0x5e c:/program files (x86)/gnu arm embedded toolchain/10 2021.10/bin/../lib/gcc/arm-none-eabi/10.3.1/../../../../arm-none-eabi/lib/thumb/v7e-m+fp/hard\libc_nano.a(lib_a-nano-reallocr.o)
                0x08004634                _realloc_r
 *fill*         0x08004692        0x2 
 .text._sbrk_r  0x08004694       0x20 c:/program files (x86)/gnu arm embedded toolchain/10 2021.10/bin/../lib/gcc/arm-none-eabi/10.3.1/../../../../arm-none-eabi/lib/thumb/v7e-m+fp/hard\libc_nano.a(lib_a-sbrkr.o)
                0x08004694                _sbrk_r
 .text.__malloc_lock
                0x080046b4        0xc c:/program files (x86)/gnu arm embedded toolchain/10 2021.10/bin/../lib/gcc/arm-none-eabi/10.3.1/../../../../arm-none-eabi/lib/thumb/v7e-m+fp/hard\libc_nano.a(lib_a-mlock.o)
                0x080046b4                __malloc_lock
 .text.__malloc_unlock
                0x080046c0        0xc c:/program files (x86)/gnu arm embedded toolchain/10 2021.10/bin/../lib/gcc/arm-none-eabi/10.3.1/../../../../arm-none-eabi/lib/thumb/v7e-m+fp/hard\libc_nano.a(lib_a-mlock.o)
                0x080046c0                __malloc_unlock
 .text._malloc_usable_size_r
                0x080046cc       0x10 c:/program files (x86)/gnu arm embedded toolchain/10 2021.10/bin/../lib/gcc/arm-none-eabi/10.3.1/../../../../arm-none-eabi/lib/thumb/v7e-m+fp/hard\libc_nano.a(lib_a-nano-msizer.o)
                0x080046cc                _malloc_usable_size_r
 .text.__retarget_lock_acquire_recursive
                0x080046dc        0x2 c:/program files (x86)/gnu arm embedded toolchain/10 2021.10/bin/../lib/gcc/arm-none-eabi/10.3.1/../../../../arm-none-eabi/lib/thumb/v7e-m+fp/hard\libc_nano.a(lib_a-lock.o)
                0x080046dc                __retarget_lock_acquire_recursive
 .text.__retarget_lock_release_recursive
                0x080046de        0x2 c:/program files (x86)/gnu arm embedded toolchain/10 2021.10/bin/../lib/gcc/arm-none-eabi/10.3.1/../../../../arm-none-eabi/lib/thumb/v7e-m+fp/hard\libc_nano.a(lib_a-lock.o)
                0x080046de                __retarget_lock_release_recursive
 .text._sbrk    0x080046e0       0x1c c:/program files (x86)/gnu arm embedded toolchain/10 2021.10/bin/../lib/gcc/arm-none-eabi/10.3.1/../../../../arm-none-eabi/lib/thumb/v7e-m+fp/hard\libnosys.a(sbrk.o)
                0x080046e0                _sbrk
 *(.glue_7)
 .glue_7        0x080046fc        0x0 linker stubs
 *(.glue_7t)
 .glue_7t       0x080046fc        0x0 linker stubs
 *(.eh_frame)
 .eh_frame      0x080046fc        0x0 c:/program files (x86)/gnu arm embedded toolchain/10 2021.10/bin/../lib/gcc/arm-none-eabi/10.3.1/thumb/v7e-m+fp/hard/crtbegin.o
 *(.init)
 .init          0x080046fc        0x4 c:/program files (x86)/gnu arm embedded toolchain/10 2021.10/bin/../lib/gcc/arm-none-eabi/10.3.1/thumb/v7e-m+fp/hard/crti.o
                0x080046fc                _init
 .init          0x08004700        0x8 c:/program files (x86)/gnu arm embedded toolchain/10 2021.10/bin/../lib/gcc/arm-none-eabi/10.3.1/thumb/v7e-m+fp/hard/crtn.o
 *(.fini)
 .fini          0x08004708        0x4 c:/program files (x86)/gnu arm embedded toolchain/10 2021.10/bin/../lib/gcc/arm-none-eabi/10.3.1/thumb/v7e-m+fp/hard/crti.o
                0x08004708                _fini
 .fini          0x0800470c        0x8 c:/program files (x86)/gnu arm embedded toolchain/10 2021.10/bin/../lib/gcc/arm-none-eabi/10.3.1/thumb/v7e-m+fp/hard/crtn.o
                0x08004714                . = ALIGN (0x4)
                0x08004714                _etext = .

.vfp11_veneer   0x08004714        0x0
 .vfp11_veneer  0x08004714        0x0 linker stubs

.v4_bx          0x08004714        0x0
 .v4_bx         0x08004714        0x0 linker stubs

.iplt           0x08004714        0x0
 .iplt          0x08004714        0x0 c:/program files (x86)/gnu arm embedded toolchain/10 2021.10/bin/../lib/gcc/arm-none-eabi/10.3.1/thumb/v7e-m+fp/hard/crtbegin.o

.rodata         0x08004714      0x4fc
                0x08004714                . = ALIGN (0x4)
 *(.rodata)
 *(.rodata*)
 .rodata.main.str1.4
                0x08004714       0x31 build/main.o
 *fill*         0x08004745        0x3 
 .rodata.flagBitshiftOffset.0
                0x08004748        0x8 build/stm32f4xx_hal_dma.o
 .rodata.AHBPrescTable
                0x08004750       0x10 build/system_stm32f4xx.o
                0x08004750                AHBPrescTable
 .rodata.APBPrescTable
                0x08004760        0x8 build/system_stm32f4xx.o
                0x08004760                APBPrescTable
 .rodata.asc2_1206
                0x08004768      0x474 build/OLED.o
                0x08004768                asc2_1206
 .rodata._svfprintf_r.str1.1
                0x08004bdc       0x11 c:/program files (x86)/gnu arm embedded toolchain/10 2021.10/bin/../lib/gcc/arm-none-eabi/10.3.1/../../../../arm-none-eabi/lib/thumb/v7e-m+fp/hard\libc_nano.a(lib_a-nano-svfprintf.o)
 .rodata._printf_i.str1.1
                0x08004bed       0x22 c:/program files (x86)/gnu arm embedded toolchain/10 2021.10/bin/../lib/gcc/arm-none-eabi/10.3.1/../../../../arm-none-eabi/lib/thumb/v7e-m+fp/hard\libc_nano.a(lib_a-nano-vfprintf_i.o)
                0x08004c10                . = ALIGN (0x4)
 *fill*         0x08004c0f        0x1 

.ARM.extab
 *(.ARM.extab* .gnu.linkonce.armextab.*)

.ARM            0x08004c10        0x8
                0x08004c10                __exidx_start = .
 *(.ARM.exidx*)
 .ARM.exidx     0x08004c10        0x8 c:/program files (x86)/gnu arm embedded toolchain/10 2021.10/bin/../lib/gcc/arm-none-eabi/10.3.1/thumb/v7e-m+fp/hard\libgcc.a(_udivmoddi4.o)
                0x08004c18                __exidx_end = .

.rel.dyn        0x08004c18        0x0
 .rel.iplt      0x08004c18        0x0 c:/program files (x86)/gnu arm embedded toolchain/10 2021.10/bin/../lib/gcc/arm-none-eabi/10.3.1/thumb/v7e-m+fp/hard/crtbegin.o

.preinit_array  0x08004c18        0x0
                0x08004c18                PROVIDE (__preinit_array_start = .)
 *(.preinit_array*)
                0x08004c18                PROVIDE (__preinit_array_end = .)

.init_array     0x08004c18        0x4
                0x08004c18                PROVIDE (__init_array_start = .)
 *(SORT_BY_NAME(.init_array.*))
 *(.init_array*)
 .init_array    0x08004c18        0x4 c:/program files (x86)/gnu arm embedded toolchain/10 2021.10/bin/../lib/gcc/arm-none-eabi/10.3.1/thumb/v7e-m+fp/hard/crtbegin.o
                0x08004c1c                PROVIDE (__init_array_end = .)

.fini_array     0x08004c1c        0x4
                [!provide]                PROVIDE (__fini_array_start = .)
 *(SORT_BY_NAME(.fini_array.*))
 *(.fini_array*)
 .fini_array    0x08004c1c        0x4 c:/program files (x86)/gnu arm embedded toolchain/10 2021.10/bin/../lib/gcc/arm-none-eabi/10.3.1/thumb/v7e-m+fp/hard/crtbegin.o
                [!provide]                PROVIDE (__fini_array_end = .)
                0x08004c20                _sidata = LOADADDR (.data)

.data           0x20000000       0x74 load address 0x08004c20
                0x20000000                . = ALIGN (0x4)
                0x20000000                _sdata = .
 *(.data)
 *(.data*)
 .data.uwTickFreq
                0x20000000        0x1 build/stm32f4xx_hal.o
                0x20000000                uwTickFreq
 *fill*         0x20000001        0x3 
 .data.uwTickPrio
                0x20000004        0x4 build/stm32f4xx_hal.o
                0x20000004                uwTickPrio
 .data.SystemCoreClock
                0x20000008        0x4 build/system_stm32f4xx.o
                0x20000008                SystemCoreClock
 .data.MI_MASTERID
                0x2000000c        0x1 build/MI_motor_drive.o
                0x2000000c                MI_MASTERID
 *fill*         0x2000000d        0x3 
 .data._impure_ptr
                0x20000010        0x4 c:/program files (x86)/gnu arm embedded toolchain/10 2021.10/bin/../lib/gcc/arm-none-eabi/10.3.1/../../../../arm-none-eabi/lib/thumb/v7e-m+fp/hard\libc_nano.a(lib_a-impure.o)
                0x20000010                _impure_ptr
 .data.impure_data
                0x20000014       0x60 c:/program files (x86)/gnu arm embedded toolchain/10 2021.10/bin/../lib/gcc/arm-none-eabi/10.3.1/../../../../arm-none-eabi/lib/thumb/v7e-m+fp/hard\libc_nano.a(lib_a-impure.o)
                0x20000074                . = ALIGN (0x4)
                0x20000074                _edata = .
                0x08004c94                _siccmram = LOADADDR (.ccmram)

.igot.plt       0x20000074        0x0 load address 0x08004c94
 .igot.plt      0x20000074        0x0 c:/program files (x86)/gnu arm embedded toolchain/10 2021.10/bin/../lib/gcc/arm-none-eabi/10.3.1/thumb/v7e-m+fp/hard/crtbegin.o

.ccmram         0x10000000        0x0 load address 0x08004c94
                0x10000000                . = ALIGN (0x4)
                0x10000000                _sccmram = .
 *(.ccmram)
 *(.ccmram*)
                0x10000000                . = ALIGN (0x4)
                0x10000000                _eccmram = .
                0x10000000                . = ALIGN (0x4)

.bss            0x20000074      0x6a0
                0x20000074                _sbss = .
                0x20000074                __bss_start__ = _sbss
 *(.bss)
 .bss           0x20000074       0x1c c:/program files (x86)/gnu arm embedded toolchain/10 2021.10/bin/../lib/gcc/arm-none-eabi/10.3.1/thumb/v7e-m+fp/hard/crtbegin.o
 *(.bss*)
 .bss.DT7_pram  0x20000090        0x4 build/main.o
                0x20000090                DT7_pram
 .bss.hcan1     0x20000094       0x28 build/can.o
                0x20000094                hcan1
 .bss.uwTick    0x200000bc        0x4 build/stm32f4xx_hal.o
                0x200000bc                uwTick
 .bss.CAN_TxHeader_MI
                0x200000c0       0x18 build/MI_motor_drive.o
                0x200000c0                CAN_TxHeader_MI
 .bss.rc_ctrl   0x200000d8       0x16 build/remote_control.o
                0x200000d8                rc_ctrl
 *fill*         0x200000ee        0x2 
 .bss.sbus_rx_buf
                0x200000f0       0x48 build/remote_control.o
 .bss.this_time_rx_len.0
                0x20000138        0x2 build/remote_control.o
 *fill*         0x2000013a        0x2 
 .bss.LCD_BUF.0
                0x2000013c       0x80 build/OLED.o
 .bss.OLED_GRAM
                0x200001bc      0x400 build/OLED.o
 .bss.ap.1      0x200005bc        0x4 build/OLED.o
 .bss.cmd_data.2
                0x200005c0        0x2 build/OLED.o
 *fill*         0x200005c2        0x2 
 .bss.hdma_usart3_rx
                0x200005c4       0x60 build/usart.o
                0x200005c4                hdma_usart3_rx
 .bss.huart1    0x20000624       0x44 build/usart.o
                0x20000624                huart1
 .bss.huart3    0x20000668       0x44 build/usart.o
                0x20000668                huart3
 .bss.hi2c2     0x200006ac       0x54 build/i2c.o
                0x200006ac                hi2c2
 .bss.__malloc_free_list
                0x20000700        0x4 c:/program files (x86)/gnu arm embedded toolchain/10 2021.10/bin/../lib/gcc/arm-none-eabi/10.3.1/../../../../arm-none-eabi/lib/thumb/v7e-m+fp/hard\libc_nano.a(lib_a-nano-mallocr.o)
                0x20000700                __malloc_free_list
 .bss.__malloc_sbrk_start
                0x20000704        0x4 c:/program files (x86)/gnu arm embedded toolchain/10 2021.10/bin/../lib/gcc/arm-none-eabi/10.3.1/../../../../arm-none-eabi/lib/thumb/v7e-m+fp/hard\libc_nano.a(lib_a-nano-mallocr.o)
                0x20000704                __malloc_sbrk_start
 .bss.errno     0x20000708        0x4 c:/program files (x86)/gnu arm embedded toolchain/10 2021.10/bin/../lib/gcc/arm-none-eabi/10.3.1/../../../../arm-none-eabi/lib/thumb/v7e-m+fp/hard\libc_nano.a(lib_a-reent.o)
                0x20000708                errno
 .bss.__lock___malloc_recursive_mutex
                0x2000070c        0x1 c:/program files (x86)/gnu arm embedded toolchain/10 2021.10/bin/../lib/gcc/arm-none-eabi/10.3.1/../../../../arm-none-eabi/lib/thumb/v7e-m+fp/hard\libc_nano.a(lib_a-lock.o)
                0x2000070c                __lock___malloc_recursive_mutex
 *fill*         0x2000070d        0x3 
 .bss.heap_end.0
                0x20000710        0x4 c:/program files (x86)/gnu arm embedded toolchain/10 2021.10/bin/../lib/gcc/arm-none-eabi/10.3.1/../../../../arm-none-eabi/lib/thumb/v7e-m+fp/hard\libnosys.a(sbrk.o)
 *(COMMON)
                0x20000714                . = ALIGN (0x4)
                0x20000714                _ebss = .
                0x20000714                __bss_end__ = _ebss

._user_heap_stack
                0x20000714      0x604
                0x20000718                . = ALIGN (0x8)
 *fill*         0x20000714        0x4 
                0x20000718                PROVIDE (end = .)
                [!provide]                PROVIDE (_end = .)
                0x20000918                . = (. + _Min_Heap_Size)
 *fill*         0x20000718      0x200 
                0x20000d18                . = (. + _Min_Stack_Size)
 *fill*         0x20000918      0x400 
                0x20000d18                . = ALIGN (0x8)

/DISCARD/
 libc.a(*)
 libm.a(*)
 libgcc.a(*)

.ARM.attributes
                0x00000000       0x30
 *(.ARM.attributes)
 .ARM.attributes
                0x00000000       0x1e c:/program files (x86)/gnu arm embedded toolchain/10 2021.10/bin/../lib/gcc/arm-none-eabi/10.3.1/thumb/v7e-m+fp/hard/crti.o
 .ARM.attributes
                0x0000001e       0x34 c:/program files (x86)/gnu arm embedded toolchain/10 2021.10/bin/../lib/gcc/arm-none-eabi/10.3.1/thumb/v7e-m+fp/hard/crtbegin.o
 .ARM.attributes
                0x00000052       0x34 build/main.o
 .ARM.attributes
                0x00000086       0x34 build/gpio.o
 .ARM.attributes
                0x000000ba       0x34 build/can.o
 .ARM.attributes
                0x000000ee       0x34 build/stm32f4xx_it.o
 .ARM.attributes
                0x00000122       0x34 build/stm32f4xx_hal_msp.o
 .ARM.attributes
                0x00000156       0x34 build/stm32f4xx_hal_can.o
 .ARM.attributes
                0x0000018a       0x34 build/stm32f4xx_hal_rcc.o
 .ARM.attributes
                0x000001be       0x34 build/stm32f4xx_hal_gpio.o
 .ARM.attributes
                0x000001f2       0x34 build/stm32f4xx_hal_dma.o
 .ARM.attributes
                0x00000226       0x34 build/stm32f4xx_hal_cortex.o
 .ARM.attributes
                0x0000025a       0x34 build/stm32f4xx_hal.o
 .ARM.attributes
                0x0000028e       0x34 build/system_stm32f4xx.o
 .ARM.attributes
                0x000002c2       0x34 build/MI_motor_drive.o
 .ARM.attributes
                0x000002f6       0x34 build/can_test.o
 .ARM.attributes
                0x0000032a       0x34 build/remote_control.o
 .ARM.attributes
                0x0000035e       0x34 build/bsp_rc.o
 .ARM.attributes
                0x00000392       0x34 build/OLED.o
 .ARM.attributes
                0x000003c6       0x34 build/usart.o
 .ARM.attributes
                0x000003fa       0x34 build/stm32f4xx_hal_uart.o
 .ARM.attributes
                0x0000042e       0x34 build/dma.o
 .ARM.attributes
                0x00000462       0x34 build/i2c.o
 .ARM.attributes
                0x00000496       0x34 build/stm32f4xx_hal_i2c.o
 .ARM.attributes
                0x000004ca       0x21 build/startup_stm32f407xx.o
 .ARM.attributes
                0x000004eb       0x34 c:/program files (x86)/gnu arm embedded toolchain/10 2021.10/bin/../lib/gcc/arm-none-eabi/10.3.1/../../../../arm-none-eabi/lib/thumb/v7e-m+fp/hard\libc_nano.a(lib_a-impure.o)
 .ARM.attributes
                0x0000051f       0x34 c:/program files (x86)/gnu arm embedded toolchain/10 2021.10/bin/../lib/gcc/arm-none-eabi/10.3.1/../../../../arm-none-eabi/lib/thumb/v7e-m+fp/hard\libc_nano.a(lib_a-init.o)
 .ARM.attributes
                0x00000553       0x34 c:/program files (x86)/gnu arm embedded toolchain/10 2021.10/bin/../lib/gcc/arm-none-eabi/10.3.1/../../../../arm-none-eabi/lib/thumb/v7e-m+fp/hard\libc_nano.a(lib_a-memset.o)
 .ARM.attributes
                0x00000587       0x17 c:/program files (x86)/gnu arm embedded toolchain/10 2021.10/bin/../lib/gcc/arm-none-eabi/10.3.1/../../../../arm-none-eabi/lib/thumb/v7e-m+fp/hard\libc_nano.a(lib_a-strlen.o)
 .ARM.attributes
                0x0000059e       0x34 c:/program files (x86)/gnu arm embedded toolchain/10 2021.10/bin/../lib/gcc/arm-none-eabi/10.3.1/../../../../arm-none-eabi/lib/thumb/v7e-m+fp/hard\libc_nano.a(lib_a-vsprintf.o)
 .ARM.attributes
                0x000005d2       0x34 c:/program files (x86)/gnu arm embedded toolchain/10 2021.10/bin/../lib/gcc/arm-none-eabi/10.3.1/../../../../arm-none-eabi/lib/thumb/v7e-m+fp/hard\libc_nano.a(lib_a-nano-svfprintf.o)
 .ARM.attributes
                0x00000606       0x34 c:/program files (x86)/gnu arm embedded toolchain/10 2021.10/bin/../lib/gcc/arm-none-eabi/10.3.1/../../../../arm-none-eabi/lib/thumb/v7e-m+fp/hard\libc_nano.a(lib_a-nano-vfprintf_i.o)
 .ARM.attributes
                0x0000063a       0x1c c:/program files (x86)/gnu arm embedded toolchain/10 2021.10/bin/../lib/gcc/arm-none-eabi/10.3.1/../../../../arm-none-eabi/lib/thumb/v7e-m+fp/hard\libc_nano.a(lib_a-memchr.o)
 .ARM.attributes
                0x00000656       0x34 c:/program files (x86)/gnu arm embedded toolchain/10 2021.10/bin/../lib/gcc/arm-none-eabi/10.3.1/../../../../arm-none-eabi/lib/thumb/v7e-m+fp/hard\libc_nano.a(lib_a-memcpy-stub.o)
 .ARM.attributes
                0x0000068a       0x34 c:/program files (x86)/gnu arm embedded toolchain/10 2021.10/bin/../lib/gcc/arm-none-eabi/10.3.1/../../../../arm-none-eabi/lib/thumb/v7e-m+fp/hard\libc_nano.a(lib_a-memmove.o)
 .ARM.attributes
                0x000006be       0x34 c:/program files (x86)/gnu arm embedded toolchain/10 2021.10/bin/../lib/gcc/arm-none-eabi/10.3.1/../../../../arm-none-eabi/lib/thumb/v7e-m+fp/hard\libc_nano.a(lib_a-nano-freer.o)
 .ARM.attributes
                0x000006f2       0x34 c:/program files (x86)/gnu arm embedded toolchain/10 2021.10/bin/../lib/gcc/arm-none-eabi/10.3.1/../../../../arm-none-eabi/lib/thumb/v7e-m+fp/hard\libc_nano.a(lib_a-nano-mallocr.o)
 .ARM.attributes
                0x00000726       0x34 c:/program files (x86)/gnu arm embedded toolchain/10 2021.10/bin/../lib/gcc/arm-none-eabi/10.3.1/../../../../arm-none-eabi/lib/thumb/v7e-m+fp/hard\libc_nano.a(lib_a-nano-reallocr.o)
 .ARM.attributes
                0x0000075a       0x34 c:/program files (x86)/gnu arm embedded toolchain/10 2021.10/bin/../lib/gcc/arm-none-eabi/10.3.1/../../../../arm-none-eabi/lib/thumb/v7e-m+fp/hard\libc_nano.a(lib_a-sbrkr.o)
 .ARM.attributes
                0x0000078e       0x34 c:/program files (x86)/gnu arm embedded toolchain/10 2021.10/bin/../lib/gcc/arm-none-eabi/10.3.1/../../../../arm-none-eabi/lib/thumb/v7e-m+fp/hard\libc_nano.a(lib_a-mlock.o)
 .ARM.attributes
                0x000007c2       0x34 c:/program files (x86)/gnu arm embedded toolchain/10 2021.10/bin/../lib/gcc/arm-none-eabi/10.3.1/../../../../arm-none-eabi/lib/thumb/v7e-m+fp/hard\libc_nano.a(lib_a-nano-msizer.o)
 .ARM.attributes
                0x000007f6       0x34 c:/program files (x86)/gnu arm embedded toolchain/10 2021.10/bin/../lib/gcc/arm-none-eabi/10.3.1/../../../../arm-none-eabi/lib/thumb/v7e-m+fp/hard\libc_nano.a(lib_a-reent.o)
 .ARM.attributes
                0x0000082a       0x34 c:/program files (x86)/gnu arm embedded toolchain/10 2021.10/bin/../lib/gcc/arm-none-eabi/10.3.1/../../../../arm-none-eabi/lib/thumb/v7e-m+fp/hard\libc_nano.a(lib_a-lock.o)
 .ARM.attributes
                0x0000085e       0x34 c:/program files (x86)/gnu arm embedded toolchain/10 2021.10/bin/../lib/gcc/arm-none-eabi/10.3.1/../../../../arm-none-eabi/lib/thumb/v7e-m+fp/hard\libnosys.a(sbrk.o)
 .ARM.attributes
                0x00000892       0x1e c:/program files (x86)/gnu arm embedded toolchain/10 2021.10/bin/../lib/gcc/arm-none-eabi/10.3.1/thumb/v7e-m+fp/hard\libgcc.a(_arm_addsubdf3.o)
 .ARM.attributes
                0x000008b0       0x1e c:/program files (x86)/gnu arm embedded toolchain/10 2021.10/bin/../lib/gcc/arm-none-eabi/10.3.1/thumb/v7e-m+fp/hard\libgcc.a(_arm_muldivdf3.o)
 .ARM.attributes
                0x000008ce       0x1e c:/program files (x86)/gnu arm embedded toolchain/10 2021.10/bin/../lib/gcc/arm-none-eabi/10.3.1/thumb/v7e-m+fp/hard\libgcc.a(_arm_truncdfsf2.o)
 .ARM.attributes
                0x000008ec       0x1e c:/program files (x86)/gnu arm embedded toolchain/10 2021.10/bin/../lib/gcc/arm-none-eabi/10.3.1/thumb/v7e-m+fp/hard\libgcc.a(_aeabi_uldivmod.o)
 .ARM.attributes
                0x0000090a       0x34 c:/program files (x86)/gnu arm embedded toolchain/10 2021.10/bin/../lib/gcc/arm-none-eabi/10.3.1/thumb/v7e-m+fp/hard\libgcc.a(_udivmoddi4.o)
 .ARM.attributes
                0x0000093e       0x1e c:/program files (x86)/gnu arm embedded toolchain/10 2021.10/bin/../lib/gcc/arm-none-eabi/10.3.1/thumb/v7e-m+fp/hard\libgcc.a(_dvmd_tls.o)
 .ARM.attributes
                0x0000095c       0x1e c:/program files (x86)/gnu arm embedded toolchain/10 2021.10/bin/../lib/gcc/arm-none-eabi/10.3.1/thumb/v7e-m+fp/hard/crtn.o
OUTPUT(build/0.Test_CAN.elf elf32-littlearm)
LOAD linker stubs
LOAD c:/program files (x86)/gnu arm embedded toolchain/10 2021.10/bin/../lib/gcc/arm-none-eabi/10.3.1/../../../../arm-none-eabi/lib/thumb/v7e-m+fp/hard\libc.a
LOAD c:/program files (x86)/gnu arm embedded toolchain/10 2021.10/bin/../lib/gcc/arm-none-eabi/10.3.1/../../../../arm-none-eabi/lib/thumb/v7e-m+fp/hard\libm.a
LOAD c:/program files (x86)/gnu arm embedded toolchain/10 2021.10/bin/../lib/gcc/arm-none-eabi/10.3.1/thumb/v7e-m+fp/hard\libgcc.a

.debug_info     0x00000000    0x17092
 .debug_info    0x00000000     0x1801 build/main.o
 .debug_info    0x00001801      0x51a build/gpio.o
 .debug_info    0x00001d1b      0xc99 build/can.o
 .debug_info    0x000029b4      0xc07 build/stm32f4xx_it.o
 .debug_info    0x000035bb      0x2eb build/stm32f4xx_hal_msp.o
 .debug_info    0x000038a6     0x1395 build/stm32f4xx_hal_can.o
 .debug_info    0x00004c3b      0xbe6 build/stm32f4xx_hal_rcc.o
 .debug_info    0x00005821      0x848 build/stm32f4xx_hal_gpio.o
 .debug_info    0x00006069      0xbd1 build/stm32f4xx_hal_dma.o
 .debug_info    0x00006c3a     0x1174 build/stm32f4xx_hal_cortex.o
 .debug_info    0x00007dae      0xacf build/stm32f4xx_hal.o
 .debug_info    0x0000887d      0x5b3 build/system_stm32f4xx.o
 .debug_info    0x00008e30     0x1257 build/MI_motor_drive.o
 .debug_info    0x0000a087      0xa58 build/can_test.o
 .debug_info    0x0000aadf      0x8d4 build/remote_control.o
 .debug_info    0x0000b3b3      0x659 build/bsp_rc.o
 .debug_info    0x0000ba0c     0x178f build/OLED.o
 .debug_info    0x0000d19b      0xf24 build/usart.o
 .debug_info    0x0000e0bf     0x43e7 build/stm32f4xx_hal_uart.o
 .debug_info    0x000124a6      0x545 build/dma.o
 .debug_info    0x000129eb      0xb4c build/i2c.o
 .debug_info    0x00013537     0x3b39 build/stm32f4xx_hal_i2c.o
 .debug_info    0x00017070       0x22 build/startup_stm32f407xx.o

.debug_abbrev   0x00000000     0x3010
 .debug_abbrev  0x00000000      0x2e3 build/main.o
 .debug_abbrev  0x000002e3      0x151 build/gpio.o
 .debug_abbrev  0x00000434      0x1d8 build/can.o
 .debug_abbrev  0x0000060c      0x1a4 build/stm32f4xx_it.o
 .debug_abbrev  0x000007b0       0xd3 build/stm32f4xx_hal_msp.o
 .debug_abbrev  0x00000883      0x282 build/stm32f4xx_hal_can.o
 .debug_abbrev  0x00000b05      0x2aa build/stm32f4xx_hal_rcc.o
 .debug_abbrev  0x00000daf      0x22b build/stm32f4xx_hal_gpio.o
 .debug_abbrev  0x00000fda      0x2ff build/stm32f4xx_hal_dma.o
 .debug_abbrev  0x000012d9      0x382 build/stm32f4xx_hal_cortex.o
 .debug_abbrev  0x0000165b      0x209 build/stm32f4xx_hal.o
 .debug_abbrev  0x00001864      0x11b build/system_stm32f4xx.o
 .debug_abbrev  0x0000197f      0x31c build/MI_motor_drive.o
 .debug_abbrev  0x00001c9b      0x1d4 build/can_test.o
 .debug_abbrev  0x00001e6f      0x21c build/remote_control.o
 .debug_abbrev  0x0000208b      0x148 build/bsp_rc.o
 .debug_abbrev  0x000021d3      0x2e8 build/OLED.o
 .debug_abbrev  0x000024bb      0x1fa build/usart.o
 .debug_abbrev  0x000026b5      0x356 build/stm32f4xx_hal_uart.o
 .debug_abbrev  0x00002a0b      0x129 build/dma.o
 .debug_abbrev  0x00002b34      0x1d7 build/i2c.o
 .debug_abbrev  0x00002d0b      0x2f3 build/stm32f4xx_hal_i2c.o
 .debug_abbrev  0x00002ffe       0x12 build/startup_stm32f407xx.o

.debug_loc      0x00000000     0xfa53
 .debug_loc     0x00000000       0xf4 build/main.o
 .debug_loc     0x000000f4       0x39 build/gpio.o
 .debug_loc     0x0000012d      0x108 build/can.o
 .debug_loc     0x00000235       0xa0 build/stm32f4xx_it.o
 .debug_loc     0x000002d5       0x2c build/stm32f4xx_hal_msp.o
 .debug_loc     0x00000301      0xf4e build/stm32f4xx_hal_can.o
 .debug_loc     0x0000124f      0x6e4 build/stm32f4xx_hal_rcc.o
 .debug_loc     0x00001933      0x5e8 build/stm32f4xx_hal_gpio.o
 .debug_loc     0x00001f1b      0xd6d build/stm32f4xx_hal_dma.o
 .debug_loc     0x00002c88      0x7a4 build/stm32f4xx_hal_cortex.o
 .debug_loc     0x0000342c      0x1e1 build/stm32f4xx_hal.o
 .debug_loc     0x0000360d      0x158 build/system_stm32f4xx.o
 .debug_loc     0x00003765      0xace build/MI_motor_drive.o
 .debug_loc     0x00004233      0x2dc build/can_test.o
 .debug_loc     0x0000450f       0xcf build/remote_control.o
 .debug_loc     0x000045de       0x51 build/bsp_rc.o
 .debug_loc     0x0000462f     0x1372 build/OLED.o
 .debug_loc     0x000059a1      0x15e build/usart.o
 .debug_loc     0x00005aff     0x4fef build/stm32f4xx_hal_uart.o
 .debug_loc     0x0000aaee       0x38 build/dma.o
 .debug_loc     0x0000ab26       0xeb build/i2c.o
 .debug_loc     0x0000ac11     0x4e42 build/stm32f4xx_hal_i2c.o

.debug_aranges  0x00000000      0xcd0
 .debug_aranges
                0x00000000       0x30 build/main.o
 .debug_aranges
                0x00000030       0x20 build/gpio.o
 .debug_aranges
                0x00000050       0x30 build/can.o
 .debug_aranges
                0x00000080       0x80 build/stm32f4xx_it.o
 .debug_aranges
                0x00000100       0x20 build/stm32f4xx_hal_msp.o
 .debug_aranges
                0x00000120      0x138 build/stm32f4xx_hal_can.o
 .debug_aranges
                0x00000258       0x88 build/stm32f4xx_hal_rcc.o
 .debug_aranges
                0x000002e0       0x58 build/stm32f4xx_hal_gpio.o
 .debug_aranges
                0x00000338       0x90 build/stm32f4xx_hal_dma.o
 .debug_aranges
                0x000003c8       0xa8 build/stm32f4xx_hal_cortex.o
 .debug_aranges
                0x00000470       0xf0 build/stm32f4xx_hal.o
 .debug_aranges
                0x00000560       0x28 build/system_stm32f4xx.o
 .debug_aranges
                0x00000588       0xa0 build/MI_motor_drive.o
 .debug_aranges
                0x00000628       0x40 build/can_test.o
 .debug_aranges
                0x00000668       0x38 build/remote_control.o
 .debug_aranges
                0x000006a0       0x20 build/bsp_rc.o
 .debug_aranges
                0x000006c0       0xc0 build/OLED.o
 .debug_aranges
                0x00000780       0x38 build/usart.o
 .debug_aranges
                0x000007b8      0x200 build/stm32f4xx_hal_uart.o
 .debug_aranges
                0x000009b8       0x20 build/dma.o
 .debug_aranges
                0x000009d8       0x30 build/i2c.o
 .debug_aranges
                0x00000a08      0x2a0 build/stm32f4xx_hal_i2c.o
 .debug_aranges
                0x00000ca8       0x28 build/startup_stm32f407xx.o

.debug_ranges   0x00000000      0xc10
 .debug_ranges  0x00000000       0x20 build/main.o
 .debug_ranges  0x00000020       0x10 build/gpio.o
 .debug_ranges  0x00000030       0x20 build/can.o
 .debug_ranges  0x00000050       0x70 build/stm32f4xx_it.o
 .debug_ranges  0x000000c0       0x10 build/stm32f4xx_hal_msp.o
 .debug_ranges  0x000000d0      0x128 build/stm32f4xx_hal_can.o
 .debug_ranges  0x000001f8       0x90 build/stm32f4xx_hal_rcc.o
 .debug_ranges  0x00000288       0x48 build/stm32f4xx_hal_gpio.o
 .debug_ranges  0x000002d0       0x80 build/stm32f4xx_hal_dma.o
 .debug_ranges  0x00000350       0xf8 build/stm32f4xx_hal_cortex.o
 .debug_ranges  0x00000448       0xe0 build/stm32f4xx_hal.o
 .debug_ranges  0x00000528       0x18 build/system_stm32f4xx.o
 .debug_ranges  0x00000540       0x90 build/MI_motor_drive.o
 .debug_ranges  0x000005d0       0x30 build/can_test.o
 .debug_ranges  0x00000600       0x28 build/remote_control.o
 .debug_ranges  0x00000628       0x10 build/bsp_rc.o
 .debug_ranges  0x00000638       0xb0 build/OLED.o
 .debug_ranges  0x000006e8       0x28 build/usart.o
 .debug_ranges  0x00000710      0x208 build/stm32f4xx_hal_uart.o
 .debug_ranges  0x00000918       0x10 build/dma.o
 .debug_ranges  0x00000928       0x20 build/i2c.o
 .debug_ranges  0x00000948      0x2a8 build/stm32f4xx_hal_i2c.o
 .debug_ranges  0x00000bf0       0x20 build/startup_stm32f407xx.o

.debug_line     0x00000000    0x10fa9
 .debug_line    0x00000000      0x4fb build/main.o
 .debug_line    0x000004fb      0x1dc build/gpio.o
 .debug_line    0x000006d7      0x310 build/can.o
 .debug_line    0x000009e7      0x355 build/stm32f4xx_it.o
 .debug_line    0x00000d3c      0x16f build/stm32f4xx_hal_msp.o
 .debug_line    0x00000eab     0x10f1 build/stm32f4xx_hal_can.o
 .debug_line    0x00001f9c      0xb23 build/stm32f4xx_hal_rcc.o
 .debug_line    0x00002abf      0x6f5 build/stm32f4xx_hal_gpio.o
 .debug_line    0x000031b4      0xe39 build/stm32f4xx_hal_dma.o
 .debug_line    0x00003fed      0x78c build/stm32f4xx_hal_cortex.o
 .debug_line    0x00004779      0x579 build/stm32f4xx_hal.o
 .debug_line    0x00004cf2      0x264 build/system_stm32f4xx.o
 .debug_line    0x00004f56      0x808 build/MI_motor_drive.o
 .debug_line    0x0000575e      0x2fa build/can_test.o
 .debug_line    0x00005a58      0x3fe build/remote_control.o
 .debug_line    0x00005e56      0x213 build/bsp_rc.o
 .debug_line    0x00006069      0xc93 build/OLED.o
 .debug_line    0x00006cfc      0x44d build/usart.o
 .debug_line    0x00007149     0x4602 build/stm32f4xx_hal_uart.o
 .debug_line    0x0000b74b      0x197 build/dma.o
 .debug_line    0x0000b8e2      0x2da build/i2c.o
 .debug_line    0x0000bbbc     0x5377 build/stm32f4xx_hal_i2c.o
 .debug_line    0x00010f33       0x76 build/startup_stm32f407xx.o

.debug_str      0x00000000     0x3edc
 .debug_str     0x00000000      0xd91 build/main.o
                                0xe7c (size before relaxing)
 .debug_str     0x00000d91       0xae build/gpio.o
                                0x369 (size before relaxing)
 .debug_str     0x00000e3f      0x582 build/can.o
                                0xb52 (size before relaxing)
 .debug_str     0x000013c1      0x14f build/stm32f4xx_it.o
                                0x9a6 (size before relaxing)
 .debug_str     0x00001510       0x29 build/stm32f4xx_hal_msp.o
                                0x2b8 (size before relaxing)
 .debug_str     0x00001539      0x571 build/stm32f4xx_hal_can.o
                                0xa48 (size before relaxing)
 .debug_str     0x00001aaa      0x219 build/stm32f4xx_hal_rcc.o
                                0x703 (size before relaxing)
 .debug_str     0x00001cc3      0x125 build/stm32f4xx_hal_gpio.o
                                0x4dd (size before relaxing)
 .debug_str     0x00001de8      0x2eb build/stm32f4xx_hal_dma.o
                                0x773 (size before relaxing)
 .debug_str     0x000020d3      0x4d5 build/stm32f4xx_hal_cortex.o
                                0xc29 (size before relaxing)
 .debug_str     0x000025a8      0x29f build/stm32f4xx_hal.o
                                0xb57 (size before relaxing)
 .debug_str     0x00002847       0x47 build/system_stm32f4xx.o
                                0x372 (size before relaxing)
 .debug_str     0x0000288e      0x1da build/MI_motor_drive.o
                                0x8a4 (size before relaxing)
 .debug_str     0x00002a68       0x89 build/can_test.o
                                0x6d5 (size before relaxing)
 .debug_str     0x00002af1       0x73 build/remote_control.o
                                0x6b4 (size before relaxing)
 .debug_str     0x00002b64       0x2d build/bsp_rc.o
                                0x616 (size before relaxing)
 .debug_str     0x00002b91      0x447 build/OLED.o
                                0x8fb (size before relaxing)
 .debug_str     0x00002fd8       0x4e build/usart.o
                                0xd69 (size before relaxing)
 .debug_str     0x00003026      0x5dc build/stm32f4xx_hal_uart.o
                                0xd56 (size before relaxing)
 .debug_str     0x00003602        0xf build/dma.o
                                0x7c0 (size before relaxing)
 .debug_str     0x00003611       0x48 build/i2c.o
                                0x895 (size before relaxing)
 .debug_str     0x00003659      0x85f build/stm32f4xx_hal_i2c.o
                               0x102d (size before relaxing)
 .debug_str     0x00003eb8       0x24 build/startup_stm32f407xx.o
                                 0x67 (size before relaxing)

.comment        0x00000000       0x49
 .comment       0x00000000       0x49 build/main.o
                                 0x4a (size before relaxing)
 .comment       0x00000049       0x4a build/gpio.o
 .comment       0x00000049       0x4a build/can.o
 .comment       0x00000049       0x4a build/stm32f4xx_it.o
 .comment       0x00000049       0x4a build/stm32f4xx_hal_msp.o
 .comment       0x00000049       0x4a build/stm32f4xx_hal_can.o
 .comment       0x00000049       0x4a build/stm32f4xx_hal_rcc.o
 .comment       0x00000049       0x4a build/stm32f4xx_hal_gpio.o
 .comment       0x00000049       0x4a build/stm32f4xx_hal_dma.o
 .comment       0x00000049       0x4a build/stm32f4xx_hal_cortex.o
 .comment       0x00000049       0x4a build/stm32f4xx_hal.o
 .comment       0x00000049       0x4a build/system_stm32f4xx.o
 .comment       0x00000049       0x4a build/MI_motor_drive.o
 .comment       0x00000049       0x4a build/can_test.o
 .comment       0x00000049       0x4a build/remote_control.o
 .comment       0x00000049       0x4a build/bsp_rc.o
 .comment       0x00000049       0x4a build/OLED.o
 .comment       0x00000049       0x4a build/usart.o
 .comment       0x00000049       0x4a build/stm32f4xx_hal_uart.o
 .comment       0x00000049       0x4a build/dma.o
 .comment       0x00000049       0x4a build/i2c.o
 .comment       0x00000049       0x4a build/stm32f4xx_hal_i2c.o

.debug_frame    0x00000000     0x27b4
 .debug_frame   0x00000000       0x68 build/main.o
 .debug_frame   0x00000068       0x30 build/gpio.o
 .debug_frame   0x00000098       0x60 build/can.o
 .debug_frame   0x000000f8      0x108 build/stm32f4xx_it.o
 .debug_frame   0x00000200       0x28 build/stm32f4xx_hal_msp.o
 .debug_frame   0x00000228      0x2d8 build/stm32f4xx_hal_can.o
 .debug_frame   0x00000500      0x16c build/stm32f4xx_hal_rcc.o
 .debug_frame   0x0000066c       0xd8 build/stm32f4xx_hal_gpio.o
 .debug_frame   0x00000744      0x188 build/stm32f4xx_hal_dma.o
 .debug_frame   0x000008cc      0x148 build/stm32f4xx_hal_cortex.o
 .debug_frame   0x00000a14      0x1ec build/stm32f4xx_hal.o
 .debug_frame   0x00000c00       0x30 build/system_stm32f4xx.o
 .debug_frame   0x00000c30      0x1b4 build/MI_motor_drive.o
 .debug_frame   0x00000de4       0x9c build/can_test.o
 .debug_frame   0x00000e80       0x78 build/remote_control.o
 .debug_frame   0x00000ef8       0x2c build/bsp_rc.o
 .debug_frame   0x00000f24      0x294 build/OLED.o
 .debug_frame   0x000011b8       0x80 build/usart.o
 .debug_frame   0x00001238      0x5cc build/stm32f4xx_hal_uart.o
 .debug_frame   0x00001804       0x2c build/dma.o
 .debug_frame   0x00001830       0x64 build/i2c.o
 .debug_frame   0x00001894      0x970 build/stm32f4xx_hal_i2c.o
 .debug_frame   0x00002204       0x2c c:/program files (x86)/gnu arm embedded toolchain/10 2021.10/bin/../lib/gcc/arm-none-eabi/10.3.1/../../../../arm-none-eabi/lib/thumb/v7e-m+fp/hard\libc_nano.a(lib_a-init.o)
 .debug_frame   0x00002230       0x20 c:/program files (x86)/gnu arm embedded toolchain/10 2021.10/bin/../lib/gcc/arm-none-eabi/10.3.1/../../../../arm-none-eabi/lib/thumb/v7e-m+fp/hard\libc_nano.a(lib_a-memset.o)
 .debug_frame   0x00002250       0x3c c:/program files (x86)/gnu arm embedded toolchain/10 2021.10/bin/../lib/gcc/arm-none-eabi/10.3.1/../../../../arm-none-eabi/lib/thumb/v7e-m+fp/hard\libc_nano.a(lib_a-vsprintf.o)
 .debug_frame   0x0000228c       0x90 c:/program files (x86)/gnu arm embedded toolchain/10 2021.10/bin/../lib/gcc/arm-none-eabi/10.3.1/../../../../arm-none-eabi/lib/thumb/v7e-m+fp/hard\libc_nano.a(lib_a-nano-svfprintf.o)
 .debug_frame   0x0000231c       0x60 c:/program files (x86)/gnu arm embedded toolchain/10 2021.10/bin/../lib/gcc/arm-none-eabi/10.3.1/../../../../arm-none-eabi/lib/thumb/v7e-m+fp/hard\libc_nano.a(lib_a-nano-vfprintf_i.o)
 .debug_frame   0x0000237c       0x28 c:/program files (x86)/gnu arm embedded toolchain/10 2021.10/bin/../lib/gcc/arm-none-eabi/10.3.1/../../../../arm-none-eabi/lib/thumb/v7e-m+fp/hard\libc_nano.a(lib_a-memcpy-stub.o)
 .debug_frame   0x000023a4       0x28 c:/program files (x86)/gnu arm embedded toolchain/10 2021.10/bin/../lib/gcc/arm-none-eabi/10.3.1/../../../../arm-none-eabi/lib/thumb/v7e-m+fp/hard\libc_nano.a(lib_a-memmove.o)
 .debug_frame   0x000023cc       0x38 c:/program files (x86)/gnu arm embedded toolchain/10 2021.10/bin/../lib/gcc/arm-none-eabi/10.3.1/../../../../arm-none-eabi/lib/thumb/v7e-m+fp/hard\libc_nano.a(lib_a-nano-freer.o)
 .debug_frame   0x00002404       0x4c c:/program files (x86)/gnu arm embedded toolchain/10 2021.10/bin/../lib/gcc/arm-none-eabi/10.3.1/../../../../arm-none-eabi/lib/thumb/v7e-m+fp/hard\libc_nano.a(lib_a-nano-mallocr.o)
 .debug_frame   0x00002450       0x3c c:/program files (x86)/gnu arm embedded toolchain/10 2021.10/bin/../lib/gcc/arm-none-eabi/10.3.1/../../../../arm-none-eabi/lib/thumb/v7e-m+fp/hard\libc_nano.a(lib_a-nano-reallocr.o)
 .debug_frame   0x0000248c       0x2c c:/program files (x86)/gnu arm embedded toolchain/10 2021.10/bin/../lib/gcc/arm-none-eabi/10.3.1/../../../../arm-none-eabi/lib/thumb/v7e-m+fp/hard\libc_nano.a(lib_a-sbrkr.o)
 .debug_frame   0x000024b8       0x30 c:/program files (x86)/gnu arm embedded toolchain/10 2021.10/bin/../lib/gcc/arm-none-eabi/10.3.1/../../../../arm-none-eabi/lib/thumb/v7e-m+fp/hard\libc_nano.a(lib_a-mlock.o)
 .debug_frame   0x000024e8       0x20 c:/program files (x86)/gnu arm embedded toolchain/10 2021.10/bin/../lib/gcc/arm-none-eabi/10.3.1/../../../../arm-none-eabi/lib/thumb/v7e-m+fp/hard\libc_nano.a(lib_a-nano-msizer.o)
 .debug_frame   0x00002508       0x5c c:/program files (x86)/gnu arm embedded toolchain/10 2021.10/bin/../lib/gcc/arm-none-eabi/10.3.1/../../../../arm-none-eabi/lib/thumb/v7e-m+fp/hard\libc_nano.a(lib_a-reent.o)
 .debug_frame   0x00002564       0xb0 c:/program files (x86)/gnu arm embedded toolchain/10 2021.10/bin/../lib/gcc/arm-none-eabi/10.3.1/../../../../arm-none-eabi/lib/thumb/v7e-m+fp/hard\libc_nano.a(lib_a-lock.o)
 .debug_frame   0x00002614       0x20 c:/program files (x86)/gnu arm embedded toolchain/10 2021.10/bin/../lib/gcc/arm-none-eabi/10.3.1/../../../../arm-none-eabi/lib/thumb/v7e-m+fp/hard\libnosys.a(sbrk.o)
 .debug_frame   0x00002634       0xac c:/program files (x86)/gnu arm embedded toolchain/10 2021.10/bin/../lib/gcc/arm-none-eabi/10.3.1/thumb/v7e-m+fp/hard\libgcc.a(_arm_addsubdf3.o)
 .debug_frame   0x000026e0       0x50 c:/program files (x86)/gnu arm embedded toolchain/10 2021.10/bin/../lib/gcc/arm-none-eabi/10.3.1/thumb/v7e-m+fp/hard\libgcc.a(_arm_muldivdf3.o)
 .debug_frame   0x00002730       0x24 c:/program files (x86)/gnu arm embedded toolchain/10 2021.10/bin/../lib/gcc/arm-none-eabi/10.3.1/thumb/v7e-m+fp/hard\libgcc.a(_arm_truncdfsf2.o)
 .debug_frame   0x00002754       0x2c c:/program files (x86)/gnu arm embedded toolchain/10 2021.10/bin/../lib/gcc/arm-none-eabi/10.3.1/thumb/v7e-m+fp/hard\libgcc.a(_aeabi_uldivmod.o)
 .debug_frame   0x00002780       0x34 c:/program files (x86)/gnu arm embedded toolchain/10 2021.10/bin/../lib/gcc/arm-none-eabi/10.3.1/thumb/v7e-m+fp/hard\libgcc.a(_udivmoddi4.o)

Cross Reference Table

Symbol                                            File
A1_Motor_Multiple_Control                         build/motor_A1.o
A1_Motor_Position_Control                         build/motor_A1.o
A1_Motor_Rx_Data                                  build/motor_A1.o
A1_Motor_Speed_Control                            build/motor_A1.o
A1_State                                          build/motor_A1.o
ADC_IRQHandler                                    build/startup_stm32f407xx.o
AHBPrescTable                                     build/system_stm32f4xx.o
                                                  build/stm32f4xx_hal_rcc.o
APBPrescTable                                     build/system_stm32f4xx.o
                                                  build/stm32f4xx_hal_rcc.o
BMP_RM                                            build/OLED.o
BusFault_Handler                                  build/stm32f4xx_it.o
CAN1_RX0_IRQHandler                               build/stm32f4xx_it.o
CAN1_RX1_IRQHandler                               build/stm32f4xx_it.o
CAN1_SCE_IRQHandler                               build/startup_stm32f407xx.o
CAN1_TX_IRQHandler                                build/startup_stm32f407xx.o
CAN2_RX0_IRQHandler                               build/startup_stm32f407xx.o
CAN2_RX1_IRQHandler                               build/startup_stm32f407xx.o
CAN2_SCE_IRQHandler                               build/startup_stm32f407xx.o
CAN2_TX_IRQHandler                                build/startup_stm32f407xx.o
CAN_Filter_Mask_Config                            build/can_test.o
CAN_Init                                          build/can_test.o
                                                  build/main.o
CAN_Send_Data                                     build/can_test.o
CAN_TxHeader_MI                                   build/MI_motor_drive.o
CRC_u                                             build/motor_A1.o
Control_Message_Send                              build/motor_A1.o
DCMI_IRQHandler                                   build/startup_stm32f407xx.o
DMA1_Stream0_IRQHandler                           build/startup_stm32f407xx.o
DMA1_Stream1_IRQHandler                           build/stm32f4xx_it.o
DMA1_Stream2_IRQHandler                           build/startup_stm32f407xx.o
DMA1_Stream3_IRQHandler                           build/startup_stm32f407xx.o
DMA1_Stream4_IRQHandler                           build/startup_stm32f407xx.o
DMA1_Stream5_IRQHandler                           build/startup_stm32f407xx.o
DMA1_Stream6_IRQHandler                           build/startup_stm32f407xx.o
DMA1_Stream7_IRQHandler                           build/startup_stm32f407xx.o
DMA2_Stream0_IRQHandler                           build/startup_stm32f407xx.o
DMA2_Stream1_IRQHandler                           build/startup_stm32f407xx.o
DMA2_Stream2_IRQHandler                           build/startup_stm32f407xx.o
DMA2_Stream3_IRQHandler                           build/startup_stm32f407xx.o
DMA2_Stream4_IRQHandler                           build/startup_stm32f407xx.o
DMA2_Stream5_IRQHandler                           build/startup_stm32f407xx.o
DMA2_Stream6_IRQHandler                           build/startup_stm32f407xx.o
DMA2_Stream7_IRQHandler                           build/startup_stm32f407xx.o
DT7_pram                                          build/main.o
Data_Box                                          build/motor_A1.o
DebugMon_Handler                                  build/stm32f4xx_it.o
Default_Handler                                   build/startup_stm32f407xx.o
ETH_IRQHandler                                    build/startup_stm32f407xx.o
ETH_WKUP_IRQHandler                               build/startup_stm32f407xx.o
EXTI0_IRQHandler                                  build/startup_stm32f407xx.o
EXTI15_10_IRQHandler                              build/startup_stm32f407xx.o
EXTI1_IRQHandler                                  build/startup_stm32f407xx.o
EXTI2_IRQHandler                                  build/startup_stm32f407xx.o
EXTI3_IRQHandler                                  build/startup_stm32f407xx.o
EXTI4_IRQHandler                                  build/startup_stm32f407xx.o
EXTI9_5_IRQHandler                                build/startup_stm32f407xx.o
Error_Handler                                     build/main.o
                                                  build/i2c.o
                                                  build/usart.o
                                                  build/can.o
FLASH_Erase_Sector                                build/stm32f4xx_hal_flash_ex.o
                                                  build/stm32f4xx_hal_flash.o
FLASH_FlushCaches                                 build/stm32f4xx_hal_flash_ex.o
                                                  build/stm32f4xx_hal_flash.o
FLASH_IRQHandler                                  build/startup_stm32f407xx.o
FLASH_WaitForLastOperation                        build/stm32f4xx_hal_flash.o
                                                  build/stm32f4xx_hal_flash_ex.o
FPU_IRQHandler                                    build/startup_stm32f407xx.o
FSMC_IRQHandler                                   build/startup_stm32f407xx.o
FloatToUint                                       build/MI_motor_drive.o
HAL_CAN_AbortTxRequest                            build/stm32f4xx_hal_can.o
HAL_CAN_ActivateNotification                      build/stm32f4xx_hal_can.o
HAL_CAN_AddTxMessage                              build/stm32f4xx_hal_can.o
                                                  build/can_test.o
                                                  build/MI_motor_drive.o
HAL_CAN_ConfigFilter                              build/stm32f4xx_hal_can.o
                                                  build/can_test.o
HAL_CAN_DeInit                                    build/stm32f4xx_hal_can.o
HAL_CAN_DeactivateNotification                    build/stm32f4xx_hal_can.o
HAL_CAN_ErrorCallback                             build/stm32f4xx_hal_can.o
HAL_CAN_GetError                                  build/stm32f4xx_hal_can.o
HAL_CAN_GetRxFifoFillLevel                        build/stm32f4xx_hal_can.o
HAL_CAN_GetRxMessage                              build/stm32f4xx_hal_can.o
                                                  build/can_test.o
HAL_CAN_GetState                                  build/stm32f4xx_hal_can.o
HAL_CAN_GetTxMailboxesFreeLevel                   build/stm32f4xx_hal_can.o
HAL_CAN_GetTxTimestamp                            build/stm32f4xx_hal_can.o
HAL_CAN_IRQHandler                                build/stm32f4xx_hal_can.o
                                                  build/stm32f4xx_it.o
HAL_CAN_Init                                      build/stm32f4xx_hal_can.o
                                                  build/can.o
HAL_CAN_IsSleepActive                             build/stm32f4xx_hal_can.o
HAL_CAN_IsTxMessagePending                        build/stm32f4xx_hal_can.o
HAL_CAN_MspDeInit                                 build/can.o
HAL_CAN_MspInit                                   build/can.o
HAL_CAN_RequestSleep                              build/stm32f4xx_hal_can.o
HAL_CAN_ResetError                                build/stm32f4xx_hal_can.o
HAL_CAN_RxFifo0FullCallback                       build/stm32f4xx_hal_can.o
HAL_CAN_RxFifo0MsgPendingCallback                 build/stm32f4xx_hal_can.o
HAL_CAN_RxFifo1FullCallback                       build/stm32f4xx_hal_can.o
HAL_CAN_RxFifo1MsgPendingCallback                 build/can_test.o
                                                  build/stm32f4xx_hal_can.o
HAL_CAN_SleepCallback                             build/stm32f4xx_hal_can.o
HAL_CAN_Start                                     build/stm32f4xx_hal_can.o
                                                  build/can_test.o
HAL_CAN_Stop                                      build/stm32f4xx_hal_can.o
HAL_CAN_TxMailbox0AbortCallback                   build/stm32f4xx_hal_can.o
HAL_CAN_TxMailbox0CompleteCallback                build/stm32f4xx_hal_can.o
HAL_CAN_TxMailbox1AbortCallback                   build/stm32f4xx_hal_can.o
HAL_CAN_TxMailbox1CompleteCallback                build/stm32f4xx_hal_can.o
HAL_CAN_TxMailbox2AbortCallback                   build/stm32f4xx_hal_can.o
HAL_CAN_TxMailbox2CompleteCallback                build/stm32f4xx_hal_can.o
HAL_CAN_WakeUp                                    build/stm32f4xx_hal_can.o
HAL_CAN_WakeUpFromRxMsgCallback                   build/stm32f4xx_hal_can.o
HAL_DBGMCU_DisableDBGSleepMode                    build/stm32f4xx_hal.o
HAL_DBGMCU_DisableDBGStandbyMode                  build/stm32f4xx_hal.o
HAL_DBGMCU_DisableDBGStopMode                     build/stm32f4xx_hal.o
HAL_DBGMCU_EnableDBGSleepMode                     build/stm32f4xx_hal.o
HAL_DBGMCU_EnableDBGStandbyMode                   build/stm32f4xx_hal.o
HAL_DBGMCU_EnableDBGStopMode                      build/stm32f4xx_hal.o
HAL_DMAEx_ChangeMemory                            build/stm32f4xx_hal_dma_ex.o
HAL_DMAEx_MultiBufferStart                        build/stm32f4xx_hal_dma_ex.o
HAL_DMAEx_MultiBufferStart_IT                     build/stm32f4xx_hal_dma_ex.o
HAL_DMA_Abort                                     build/stm32f4xx_hal_dma.o
                                                  build/stm32f4xx_hal_uart.o
HAL_DMA_Abort_IT                                  build/stm32f4xx_hal_dma.o
                                                  build/stm32f4xx_hal_i2c.o
                                                  build/stm32f4xx_hal_uart.o
HAL_DMA_DeInit                                    build/stm32f4xx_hal_dma.o
                                                  build/usart.o
HAL_DMA_GetError                                  build/stm32f4xx_hal_dma.o
                                                  build/stm32f4xx_hal_i2c.o
                                                  build/stm32f4xx_hal_uart.o
HAL_DMA_GetState                                  build/stm32f4xx_hal_dma.o
                                                  build/stm32f4xx_hal_i2c.o
HAL_DMA_IRQHandler                                build/stm32f4xx_hal_dma.o
                                                  build/stm32f4xx_it.o
HAL_DMA_Init                                      build/stm32f4xx_hal_dma.o
                                                  build/usart.o
HAL_DMA_PollForTransfer                           build/stm32f4xx_hal_dma.o
HAL_DMA_RegisterCallback                          build/stm32f4xx_hal_dma.o
HAL_DMA_Start                                     build/stm32f4xx_hal_dma.o
HAL_DMA_Start_IT                                  build/stm32f4xx_hal_dma.o
                                                  build/stm32f4xx_hal_i2c.o
                                                  build/stm32f4xx_hal_uart.o
HAL_DMA_UnRegisterCallback                        build/stm32f4xx_hal_dma.o
HAL_DeInit                                        build/stm32f4xx_hal.o
HAL_Delay                                         build/stm32f4xx_hal.o
HAL_DisableCompensationCell                       build/stm32f4xx_hal.o
HAL_EXTI_ClearConfigLine                          build/stm32f4xx_hal_exti.o
HAL_EXTI_ClearPending                             build/stm32f4xx_hal_exti.o
HAL_EXTI_GenerateSWI                              build/stm32f4xx_hal_exti.o
HAL_EXTI_GetConfigLine                            build/stm32f4xx_hal_exti.o
HAL_EXTI_GetHandle                                build/stm32f4xx_hal_exti.o
HAL_EXTI_GetPending                               build/stm32f4xx_hal_exti.o
HAL_EXTI_IRQHandler                               build/stm32f4xx_hal_exti.o
HAL_EXTI_RegisterCallback                         build/stm32f4xx_hal_exti.o
HAL_EXTI_SetConfigLine                            build/stm32f4xx_hal_exti.o
HAL_EnableCompensationCell                        build/stm32f4xx_hal.o
HAL_FLASHEx_Erase                                 build/stm32f4xx_hal_flash_ex.o
HAL_FLASHEx_Erase_IT                              build/stm32f4xx_hal_flash_ex.o
HAL_FLASHEx_OBGetConfig                           build/stm32f4xx_hal_flash_ex.o
HAL_FLASHEx_OBProgram                             build/stm32f4xx_hal_flash_ex.o
HAL_FLASH_EndOfOperationCallback                  build/stm32f4xx_hal_flash.o
HAL_FLASH_GetError                                build/stm32f4xx_hal_flash.o
HAL_FLASH_IRQHandler                              build/stm32f4xx_hal_flash.o
HAL_FLASH_Lock                                    build/stm32f4xx_hal_flash.o
HAL_FLASH_OB_Launch                               build/stm32f4xx_hal_flash.o
HAL_FLASH_OB_Lock                                 build/stm32f4xx_hal_flash.o
HAL_FLASH_OB_Unlock                               build/stm32f4xx_hal_flash.o
HAL_FLASH_OperationErrorCallback                  build/stm32f4xx_hal_flash.o
HAL_FLASH_Program                                 build/stm32f4xx_hal_flash.o
HAL_FLASH_Program_IT                              build/stm32f4xx_hal_flash.o
HAL_FLASH_Unlock                                  build/stm32f4xx_hal_flash.o
HAL_GPIO_DeInit                                   build/stm32f4xx_hal_gpio.o
                                                  build/i2c.o
                                                  build/usart.o
                                                  build/can.o
HAL_GPIO_EXTI_Callback                            build/stm32f4xx_hal_gpio.o
HAL_GPIO_EXTI_IRQHandler                          build/stm32f4xx_hal_gpio.o
HAL_GPIO_Init                                     build/stm32f4xx_hal_gpio.o
                                                  build/i2c.o
                                                  build/usart.o
                                                  build/stm32f4xx_hal_rcc.o
                                                  build/can.o
                                                  build/gpio.o
HAL_GPIO_LockPin                                  build/stm32f4xx_hal_gpio.o
HAL_GPIO_ReadPin                                  build/stm32f4xx_hal_gpio.o
HAL_GPIO_TogglePin                                build/stm32f4xx_hal_gpio.o
HAL_GPIO_WritePin                                 build/stm32f4xx_hal_gpio.o
                                                  build/motor_A1.o
                                                  build/can_test.o
                                                  build/gpio.o
HAL_GetDEVID                                      build/stm32f4xx_hal.o
HAL_GetHalVersion                                 build/stm32f4xx_hal.o
HAL_GetREVID                                      build/stm32f4xx_hal.o
HAL_GetTick                                       build/stm32f4xx_hal.o
                                                  build/stm32f4xx_hal_i2c.o
                                                  build/stm32f4xx_hal_uart.o
                                                  build/stm32f4xx_hal_pwr_ex.o
                                                  build/stm32f4xx_hal_dma.o
                                                  build/stm32f4xx_hal_flash.o
                                                  build/stm32f4xx_hal_rcc_ex.o
                                                  build/stm32f4xx_hal_rcc.o
                                                  build/stm32f4xx_hal_can.o
HAL_GetTickFreq                                   build/stm32f4xx_hal.o
HAL_GetTickPrio                                   build/stm32f4xx_hal.o
HAL_GetUIDw0                                      build/stm32f4xx_hal.o
HAL_GetUIDw1                                      build/stm32f4xx_hal.o
HAL_GetUIDw2                                      build/stm32f4xx_hal.o
HAL_HalfDuplex_EnableReceiver                     build/stm32f4xx_hal_uart.o
HAL_HalfDuplex_EnableTransmitter                  build/stm32f4xx_hal_uart.o
HAL_HalfDuplex_Init                               build/stm32f4xx_hal_uart.o
HAL_I2C_AbortCpltCallback                         build/stm32f4xx_hal_i2c.o
HAL_I2C_AddrCallback                              build/stm32f4xx_hal_i2c.o
HAL_I2C_DeInit                                    build/stm32f4xx_hal_i2c.o
HAL_I2C_DisableListen_IT                          build/stm32f4xx_hal_i2c.o
HAL_I2C_ER_IRQHandler                             build/stm32f4xx_hal_i2c.o
HAL_I2C_EV_IRQHandler                             build/stm32f4xx_hal_i2c.o
HAL_I2C_EnableListen_IT                           build/stm32f4xx_hal_i2c.o
HAL_I2C_ErrorCallback                             build/stm32f4xx_hal_i2c.o
HAL_I2C_GetError                                  build/stm32f4xx_hal_i2c.o
HAL_I2C_GetMode                                   build/stm32f4xx_hal_i2c.o
HAL_I2C_GetState                                  build/stm32f4xx_hal_i2c.o
HAL_I2C_Init                                      build/stm32f4xx_hal_i2c.o
                                                  build/i2c.o
HAL_I2C_IsDeviceReady                             build/stm32f4xx_hal_i2c.o
HAL_I2C_ListenCpltCallback                        build/stm32f4xx_hal_i2c.o
HAL_I2C_MasterRxCpltCallback                      build/stm32f4xx_hal_i2c.o
HAL_I2C_MasterTxCpltCallback                      build/stm32f4xx_hal_i2c.o
HAL_I2C_Master_Abort_IT                           build/stm32f4xx_hal_i2c.o
HAL_I2C_Master_Receive                            build/stm32f4xx_hal_i2c.o
HAL_I2C_Master_Receive_DMA                        build/stm32f4xx_hal_i2c.o
HAL_I2C_Master_Receive_IT                         build/stm32f4xx_hal_i2c.o
HAL_I2C_Master_Seq_Receive_DMA                    build/stm32f4xx_hal_i2c.o
HAL_I2C_Master_Seq_Receive_IT                     build/stm32f4xx_hal_i2c.o
HAL_I2C_Master_Seq_Transmit_DMA                   build/stm32f4xx_hal_i2c.o
HAL_I2C_Master_Seq_Transmit_IT                    build/stm32f4xx_hal_i2c.o
HAL_I2C_Master_Transmit                           build/stm32f4xx_hal_i2c.o
                                                  build/OLED.o
HAL_I2C_Master_Transmit_DMA                       build/stm32f4xx_hal_i2c.o
HAL_I2C_Master_Transmit_IT                        build/stm32f4xx_hal_i2c.o
HAL_I2C_MemRxCpltCallback                         build/stm32f4xx_hal_i2c.o
HAL_I2C_MemTxCpltCallback                         build/stm32f4xx_hal_i2c.o
HAL_I2C_Mem_Read                                  build/stm32f4xx_hal_i2c.o
HAL_I2C_Mem_Read_DMA                              build/stm32f4xx_hal_i2c.o
HAL_I2C_Mem_Read_IT                               build/stm32f4xx_hal_i2c.o
HAL_I2C_Mem_Write                                 build/stm32f4xx_hal_i2c.o
HAL_I2C_Mem_Write_DMA                             build/stm32f4xx_hal_i2c.o
HAL_I2C_Mem_Write_IT                              build/stm32f4xx_hal_i2c.o
HAL_I2C_MspDeInit                                 build/i2c.o
HAL_I2C_MspInit                                   build/i2c.o
HAL_I2C_SlaveRxCpltCallback                       build/stm32f4xx_hal_i2c.o
HAL_I2C_SlaveTxCpltCallback                       build/stm32f4xx_hal_i2c.o
HAL_I2C_Slave_Receive                             build/stm32f4xx_hal_i2c.o
HAL_I2C_Slave_Receive_DMA                         build/stm32f4xx_hal_i2c.o
HAL_I2C_Slave_Receive_IT                          build/stm32f4xx_hal_i2c.o
HAL_I2C_Slave_Seq_Receive_DMA                     build/stm32f4xx_hal_i2c.o
HAL_I2C_Slave_Seq_Receive_IT                      build/stm32f4xx_hal_i2c.o
HAL_I2C_Slave_Seq_Transmit_DMA                    build/stm32f4xx_hal_i2c.o
HAL_I2C_Slave_Seq_Transmit_IT                     build/stm32f4xx_hal_i2c.o
HAL_I2C_Slave_Transmit                            build/stm32f4xx_hal_i2c.o
HAL_I2C_Slave_Transmit_DMA                        build/stm32f4xx_hal_i2c.o
HAL_I2C_Slave_Transmit_IT                         build/stm32f4xx_hal_i2c.o
HAL_IncTick                                       build/stm32f4xx_hal.o
                                                  build/stm32f4xx_it.o
HAL_Init                                          build/stm32f4xx_hal.o
                                                  build/main.o
HAL_InitTick                                      build/stm32f4xx_hal.o
                                                  build/stm32f4xx_hal_rcc_ex.o
                                                  build/stm32f4xx_hal_rcc.o
HAL_LIN_Init                                      build/stm32f4xx_hal_uart.o
HAL_LIN_SendBreak                                 build/stm32f4xx_hal_uart.o
HAL_MPU_ConfigRegion                              build/stm32f4xx_hal_cortex.o
HAL_MPU_Disable                                   build/stm32f4xx_hal_cortex.o
HAL_MPU_Enable                                    build/stm32f4xx_hal_cortex.o
HAL_MspDeInit                                     build/stm32f4xx_hal.o
HAL_MspInit                                       build/stm32f4xx_hal_msp.o
HAL_MultiProcessor_EnterMuteMode                  build/stm32f4xx_hal_uart.o
HAL_MultiProcessor_ExitMuteMode                   build/stm32f4xx_hal_uart.o
HAL_MultiProcessor_Init                           build/stm32f4xx_hal_uart.o
HAL_NVIC_ClearPendingIRQ                          build/stm32f4xx_hal_cortex.o
HAL_NVIC_DisableIRQ                               build/stm32f4xx_hal_cortex.o
                                                  build/usart.o
                                                  build/can.o
HAL_NVIC_EnableIRQ                                build/stm32f4xx_hal_cortex.o
                                                  build/dma.o
                                                  build/usart.o
                                                  build/can.o
HAL_NVIC_GetActive                                build/stm32f4xx_hal_cortex.o
HAL_NVIC_GetPendingIRQ                            build/stm32f4xx_hal_cortex.o
HAL_NVIC_GetPriority                              build/stm32f4xx_hal_cortex.o
HAL_NVIC_GetPriorityGrouping                      build/stm32f4xx_hal_cortex.o
HAL_NVIC_SetPendingIRQ                            build/stm32f4xx_hal_cortex.o
HAL_NVIC_SetPriority                              build/stm32f4xx_hal_cortex.o
                                                  build/dma.o
                                                  build/usart.o
                                                  build/stm32f4xx_hal.o
                                                  build/can.o
HAL_NVIC_SetPriorityGrouping                      build/stm32f4xx_hal_cortex.o
                                                  build/stm32f4xx_hal.o
HAL_NVIC_SystemReset                              build/stm32f4xx_hal_cortex.o
HAL_PWREx_ControlVoltageScaling                   build/stm32f4xx_hal_pwr_ex.o
HAL_PWREx_DisableBkUpReg                          build/stm32f4xx_hal_pwr_ex.o
HAL_PWREx_DisableFlashPowerDown                   build/stm32f4xx_hal_pwr_ex.o
HAL_PWREx_EnableBkUpReg                           build/stm32f4xx_hal_pwr_ex.o
HAL_PWREx_EnableFlashPowerDown                    build/stm32f4xx_hal_pwr_ex.o
HAL_PWREx_GetVoltageRange                         build/stm32f4xx_hal_pwr_ex.o